===== E2E RUN 1/3 START: Fri Mar  6 17:46:30 EST 2026 =====
Computing main repo mapping: 
WARNING: Streamed test output requested. All tests will be run locally, without sharding, one at a time
Loading: 
Loading: 0 packages loaded
Analyzing: target //testing/endtoend:go_default_test (0 packages loaded, 0 targets configured)
Analyzing: target //testing/endtoend:go_default_test (0 packages loaded, 0 targets configured)

INFO: From BazelWorkspaceStatusAction stable-status.txt:
date: illegal option -- -
usage: date [-jnRu] [-I[date|hours|minutes|seconds|ns]] [-f input_fmt]
            [ -z output_zone ] [-r filename|seconds] [-v[+|-]val[y|m|w|d|H|M|S]]
            [[[[mm]dd]HH]MM[[cc]yy][.SS] | new_date] [+output_fmt]
date: illegal option -- -
usage: date [-jnRu] [-I[date|hours|minutes|seconds|ns]] [-f input_fmt]
            [ -z output_zone ] [-r filename|seconds] [-v[+|-]val[y|m|w|d|H|M|S]]
            [[[[mm]dd]HH]MM[[cc]yy][.SS] | new_date] [+output_fmt]
fatal: No names found, cannot describe anything.
INFO: Analyzed target //testing/endtoend:go_default_test (0 packages loaded, 10 targets configured).
=== RUN   TestEndToEnd_MinimalConfig
    component_handler_test.go:58: Shard index: 0
    component_handler_test.go:59: Starting time: 2026-03-06 22:46:30.457859 +0000 UTC m=+0.011680668
    component_handler_test.go:60: Log Path: /private/var/tmp/_bazel_junclaw/9caafecbb4bf6fb84d69cfa21c3bed3f/sandbox/darwin-sandbox/4737/execroot/_main/bazel-out/darwin_arm64-fastbuild-ST-4e1ef3213b42/testlogs/testing/endtoend/go_default_test/test.outputs/20260306/224630/TestEndToEnd_MinimalConfig
time="2026-03-06T22:46:30Z" level=info msg="Starting boot node with flags: --metrics-port=2200" func="github.com/OffchainLabs/prysm/v7/testing/endtoend/components.(*BootNode).Start" file="testing/endtoend/components/boot_node.go:59" prefix=components
time="2026-03-06T22:46:30Z" level=info msg="Eth1 miner genesis" func="github.com/OffchainLabs/prysm/v7/testing/endtoend/components/eth1.(*Miner).initAttempt" file="testing/endtoend/components/eth1/miner.go:92" timestamp="2026-03-06 22:46:45.457839 +0000 UTC m=+15.011660626"
time="2026-03-06T22:46:31Z" level=info msg="Starting eth1 miner, attempt 0, with flags: --http.port=3200 --ws.port=3250 --authrpc.port=3300 --bootnodes=enr:-LG4QMtm1hsutid2jwNKKPwAMRPTXwdGgec6K08LJdlf4TUcEubNouIuiOdeVVCXvP1SngnHjuadWMSG8yNQVl1od9SGAZzFVLtIh2F0dG5ldHOIAAAAAAAAAACEZXRoMpD1pf1CAAAAAP__________gmlkgnY0gmlwhKwQJeaJc2VjcDI1NmsxoQKfzgU1HYzEz9cUzPIGvcs1uM5fpSrmlu-yI1rrZx6FZIN1ZHCCCGY --port=3150 --networkid=1337 --http --http.api=engine,net,eth --http.addr=127.0.0.1 --http.corsdomain=\"*\" --http.vhosts=\"*\" --rpc.allow-unprotected-txs --ws --ws.api=net,eth,engine --ws.addr=127.0.0.1 --ws.origins=\"*\" --ipcdisable --verbosity=4 --unlock=0x878705ba3f8bc32fcf7f4caa1a35e72af65cf766 --allow-insecure-unlock --syncmode=full --miner.gaslimit=60000000 --txpool.locals=0x878705ba3f8bc32fcf7f4caa1a35e72af65cf766 --password=/private/var/tmp/_bazel_junclaw/9caafecbb4bf6fb84d69cfa21c3bed3f/sandbox/darwin-sandbox/4737/execroot/_main/_tmp/6abc4c3eda020427f059a9faef886b83/shard-0/eth1data/miner/keystore/password.txt" func="github.com/OffchainLabs/prysm/v7/testing/endtoend/components/eth1.(*Miner).initAttempt" file="testing/endtoend/components/eth1/miner.go:173"
[4,842 / 4,843] Testing //testing/endtoend:go_default_test; 1s darwin-sandbox
time="2026-03-06T22:46:32Z" level=info msg="Miner started after 0 retries" func="github.com/OffchainLabs/prysm/v7/testing/endtoend/components/eth1.(*Miner).Start" file="testing/endtoend/components/eth1/miner.go:197"
time="2026-03-06T22:46:32Z" level=info msg="Communicated enode. Enode is enode://f51af63ab88c0bf63070c312021daede7d5dc3c0db95b687183832a5cab8cc17722aed8f783003c248a6167bbbd9e145a4907c35f03fd018aac6f8e7abe0ee11@127.0.0.1:3150" func="github.com/OffchainLabs/prysm/v7/testing/endtoend/components/eth1.(*Miner).Start" file="testing/endtoend/components/eth1/miner.go:211"
time="2026-03-06T22:46:32Z" level=info msg="genesis block timestamp=1772837205" func="github.com/OffchainLabs/prysm/v7/testing/endtoend/components/eth1.(*Miner).Start" file="testing/endtoend/components/eth1/miner.go:223"
time="2026-03-06T22:46:32Z" level=info msg="miner says genesis block root=0xc5d098225447f6847cb1072cd91ba622a3af1896e5b2fb36f8654479d9eca187" func="github.com/OffchainLabs/prysm/v7/testing/endtoend/components/eth1.(*Miner).Start" file="testing/endtoend/components/eth1/miner.go:226"
time="2026-03-06T22:46:32Z" level=info msg="contract code size = 6077" func="github.com/OffchainLabs/prysm/v7/testing/endtoend/components/eth1.(*Miner).Start" file="testing/endtoend/components/eth1/miner.go:232"
time="2026-03-06T22:46:32Z" level=info msg="deposit contract count=[0 0 0 0 0 0 0 0]" func="github.com/OffchainLabs/prysm/v7/testing/endtoend/components/eth1.(*Miner).Start" file="testing/endtoend/components/eth1/miner.go:242"
time="2026-03-06T22:46:32Z" level=info msg="Starting eth1 node 1, attempt 0 with flags: --http.port=3201 --ws.port=3251 --authrpc.port=3301 --bootnodes=enode://f51af63ab88c0bf63070c312021daede7d5dc3c0db95b687183832a5cab8cc17722aed8f783003c248a6167bbbd9e145a4907c35f03fd018aac6f8e7abe0ee11@127.0.0.1:3150 --port=3151 --networkid=1337 --http --http.api=engine,net,eth --http.addr=127.0.0.1 --http.corsdomain=\"*\" --http.vhosts=\"*\" --rpc.allow-unprotected-txs --ws --ws.api=net,eth,engine --ws.addr=127.0.0.1 --ws.origins=\"*\" --ipcdisable --verbosity=4 --syncmode=full --miner.gaslimit=60000000 --txpool.locals=0x878705ba3f8bc32fcf7f4caa1a35e72af65cf766" func="github.com/OffchainLabs/prysm/v7/testing/endtoend/components/eth1.(*Node).Start" file="testing/endtoend/components/eth1/node.go:121"
time="2026-03-06T22:46:33Z" level=info msg="Eth1 node started after 0 retries" func="github.com/OffchainLabs/prysm/v7/testing/endtoend/components/eth1.(*Node).Start" file="testing/endtoend/components/eth1/node.go:144"
time="2026-03-06T22:46:33Z" level=info msg="Starting eth1 proxy 0 with port: 3350 and file /private/var/tmp/_bazel_junclaw/9caafecbb4bf6fb84d69cfa21c3bed3f/sandbox/darwin-sandbox/4737/execroot/_main/bazel-out/darwin_arm64-fastbuild-ST-4e1ef3213b42/testlogs/testing/endtoend/go_default_test/test.outputs/20260306/224630/TestEndToEnd_MinimalConfig/eth1_proxy_0.log" func="github.com/OffchainLabs/prysm/v7/testing/endtoend/components/eth1.(*Proxy).Start" file="testing/endtoend/components/eth1/proxy.go:162"
time="2026-03-06T22:46:33Z" level=info msg="Starting eth1 proxy 1 with port: 3351 and file /private/var/tmp/_bazel_junclaw/9caafecbb4bf6fb84d69cfa21c3bed3f/sandbox/darwin-sandbox/4737/execroot/_main/bazel-out/darwin_arm64-fastbuild-ST-4e1ef3213b42/testlogs/testing/endtoend/go_default_test/test.outputs/20260306/224630/TestEndToEnd_MinimalConfig/eth1_proxy_1.log" func="github.com/OffchainLabs/prysm/v7/testing/endtoend/components/eth1.(*Proxy).Start" file="testing/endtoend/components/eth1/proxy.go:162"
time="2026-03-06T22:46:33Z" level=info msg="BeaconState info" func="github.com/OffchainLabs/prysm/v7/testing/endtoend/components.(*BeaconNode).saveGenesis" file="testing/endtoend/components/beacon_node.go:191" forkVersion="[5 0 0 253]" latestBlockHeaderRoot=0x162b4d3de20a69e980b4acab24109f4839f3c2ee9354bc954a861a53406096c9 prefix=components stateRoot=0x2d8e558ae2dceb670186334c0940aecc4684f90948084eb4df92bcef89aa98d2
time="2026-03-06T22:46:33Z" level=info msg="Starting beacon chain 1 with flags: --genesis-state=/private/var/tmp/_bazel_junclaw/9caafecbb4bf6fb84d69cfa21c3bed3f/sandbox/darwin-sandbox/4737/execroot/_main/_tmp/6abc4c3eda020427f059a9faef886b83/shard-0/genesis/1/genesis.ssz --datadir=/private/var/tmp/_bazel_junclaw/9caafecbb4bf6fb84d69cfa21c3bed3f/sandbox/darwin-sandbox/4737/execroot/_main/_tmp/6abc4c3eda020427f059a9faef886b83/shard-0/eth2-beacon-node-1 --log-file=/private/var/tmp/_bazel_junclaw/9caafecbb4bf6fb84d69cfa21c3bed3f/sandbox/darwin-sandbox/4737/execroot/_main/bazel-out/darwin_arm64-fastbuild-ST-4e1ef3213b42/testlogs/testing/endtoend/go_default_test/test.outputs/20260306/224630/TestEndToEnd_MinimalConfig/beacon-1.log --deposit-contract=0x4242424242424242424242424242424242424242 --rpc-port=4151 --execution-endpoint=http://127.0.0.1:3351 --jwt-secret=/private/var/tmp/_bazel_junclaw/9caafecbb4bf6fb84d69cfa21c3bed3f/sandbox/darwin-sandbox/4737/execroot/_main/_tmp/6abc4c3eda020427f059a9faef886b83/shard-0/eth1data/1/geth/jwtsecret --min-sync-peers=1 --p2p-udp-port=4201 --p2p-quic-port=4251 --p2p-tcp-port=4301 --p2p-max-peers=3 --monitoring-port=4401 --http-port=4351 --contract-deployment-block=0 --minimum-peers-per-subnet=0 --rpc-max-page-size=256 --bootstrap-node=enr:-LG4QMtm1hsutid2jwNKKPwAMRPTXwdGgec6K08LJdlf4TUcEubNouIuiOdeVVCXvP1SngnHjuadWMSG8yNQVl1od9SGAZzFVLtIh2F0dG5ldHOIAAAAAAAAAACEZXRoMpD1pf1CAAAAAP__________gmlkgnY0gmlwhKwQJeaJc2VjcDI1NmsxoQKfzgU1HYzEz9cUzPIGvcs1uM5fpSrmlu-yI1rrZx6FZIN1ZHCCCGY --verbosity=debug --block-batch-limit-burst-factor=8 --blob-batch-limit-burst-factor=16 --blob-batch-limit=256 --chain-config-file=/private/var/tmp/_bazel_junclaw/9caafecbb4bf6fb84d69cfa21c3bed3f/sandbox/darwin-sandbox/4737/execroot/_main/_tmp/6abc4c3eda020427f059a9faef886b83/shard-0/config/1/beacon-config.yaml --monitor-indices=1 --monitor-indices=2 --force-clear-db --accept-terms-of-use --pprof --pprofport=4451 --slots-per-archive-point=128 --tracing-endpoint=http://127.0.0.1:9150 --enable-tracing --trace-sample-fraction=1.0" func="github.com/OffchainLabs/prysm/v7/testing/endtoend/components.(*BeaconNode).Start" file="testing/endtoend/components/beacon_node.go:306" prefix=components
time="2026-03-06T22:46:33Z" level=info msg="BeaconState info" func="github.com/OffchainLabs/prysm/v7/testing/endtoend/components.(*BeaconNode).saveGenesis" file="testing/endtoend/components/beacon_node.go:191" forkVersion="[5 0 0 253]" latestBlockHeaderRoot=0x162b4d3de20a69e980b4acab24109f4839f3c2ee9354bc954a861a53406096c9 prefix=components stateRoot=0x2d8e558ae2dceb670186334c0940aecc4684f90948084eb4df92bcef89aa98d2
time="2026-03-06T22:46:33Z" level=info msg="Starting beacon chain 0 with flags: --genesis-state=/private/var/tmp/_bazel_junclaw/9caafecbb4bf6fb84d69cfa21c3bed3f/sandbox/darwin-sandbox/4737/execroot/_main/_tmp/6abc4c3eda020427f059a9faef886b83/shard-0/genesis/0/genesis.ssz --datadir=/private/var/tmp/_bazel_junclaw/9caafecbb4bf6fb84d69cfa21c3bed3f/sandbox/darwin-sandbox/4737/execroot/_main/_tmp/6abc4c3eda020427f059a9faef886b83/shard-0/eth2-beacon-node-0 --log-file=/private/var/tmp/_bazel_junclaw/9caafecbb4bf6fb84d69cfa21c3bed3f/sandbox/darwin-sandbox/4737/execroot/_main/bazel-out/darwin_arm64-fastbuild-ST-4e1ef3213b42/testlogs/testing/endtoend/go_default_test/test.outputs/20260306/224630/TestEndToEnd_MinimalConfig/beacon-0.log --deposit-contract=0x4242424242424242424242424242424242424242 --rpc-port=4150 --execution-endpoint=http://127.0.0.1:3350 --jwt-secret=/private/var/tmp/_bazel_junclaw/9caafecbb4bf6fb84d69cfa21c3bed3f/sandbox/darwin-sandbox/4737/execroot/_main/_tmp/6abc4c3eda020427f059a9faef886b83/shard-0/eth1data/miner/geth/jwtsecret --min-sync-peers=1 --p2p-udp-port=4200 --p2p-quic-port=4250 --p2p-tcp-port=4300 --p2p-max-peers=3 --monitoring-port=4400 --http-port=4350 --contract-deployment-block=0 --minimum-peers-per-subnet=0 --rpc-max-page-size=256 --bootstrap-node=enr:-LG4QMtm1hsutid2jwNKKPwAMRPTXwdGgec6K08LJdlf4TUcEubNouIuiOdeVVCXvP1SngnHjuadWMSG8yNQVl1od9SGAZzFVLtIh2F0dG5ldHOIAAAAAAAAAACEZXRoMpD1pf1CAAAAAP__________gmlkgnY0gmlwhKwQJeaJc2VjcDI1NmsxoQKfzgU1HYzEz9cUzPIGvcs1uM5fpSrmlu-yI1rrZx6FZIN1ZHCCCGY --verbosity=debug --block-batch-limit-burst-factor=8 --blob-batch-limit-burst-factor=16 --blob-batch-limit=256 --chain-config-file=/private/var/tmp/_bazel_junclaw/9caafecbb4bf6fb84d69cfa21c3bed3f/sandbox/darwin-sandbox/4737/execroot/_main/_tmp/6abc4c3eda020427f059a9faef886b83/shard-0/config/0/beacon-config.yaml --monitor-indices=1 --monitor-indices=2 --force-clear-db --accept-terms-of-use --pprof --pprofport=4450 --dev --slots-per-archive-point=128 --tracing-endpoint=http://127.0.0.1:9150 --enable-tracing --trace-sample-fraction=1.0" func="github.com/OffchainLabs/prysm/v7/testing/endtoend/components.(*BeaconNode).Start" file="testing/endtoend/components/beacon_node.go:306" prefix=components
time="2026-03-06T22:46:35Z" level=info msg="Starting validator client 1 with flags: /private/var/tmp/_bazel_junclaw/9caafecbb4bf6fb84d69cfa21c3bed3f/sandbox/darwin-sandbox/4737/execroot/_main/bazel-out/darwin_arm64-fastbuild-ST-4e1ef3213b42/bin/testing/endtoend/go_default_test_/go_default_test.runfiles/_main/cmd/validator/validator_/validator --datadir=/private/var/tmp/_bazel_junclaw/9caafecbb4bf6fb84d69cfa21c3bed3f/sandbox/darwin-sandbox/4737/execroot/_main/_tmp/6abc4c3eda020427f059a9faef886b83/shard-0/eth2-val-1 --log-file=/private/var/tmp/_bazel_junclaw/9caafecbb4bf6fb84d69cfa21c3bed3f/sandbox/darwin-sandbox/4737/execroot/_main/bazel-out/darwin_arm64-fastbuild-ST-4e1ef3213b42/testlogs/testing/endtoend/go_default_test/test.outputs/20260306/224630/TestEndToEnd_MinimalConfig/vals-1.log --graffiti-file=/private/var/tmp/_bazel_junclaw/9caafecbb4bf6fb84d69cfa21c3bed3f/sandbox/darwin-sandbox/4737/execroot/_main/_tmp/6abc4c3eda020427f059a9faef886b83/shard-0/graffiti.yaml --monitoring-port=6201 --http-port=6151 --beacon-rpc-provider=localhost:4151 --grpc-headers=dummy=value,foo=bar --verbosity=debug --proposer-settings-file=/private/var/tmp/_bazel_junclaw/9caafecbb4bf6fb84d69cfa21c3bed3f/sandbox/darwin-sandbox/4737/execroot/_main/_tmp/6abc4c3eda020427f059a9faef886b83/shard-0/proposer-settings/validator_1/config.json --chain-config-file=/private/var/tmp/_bazel_junclaw/9caafecbb4bf6fb84d69cfa21c3bed3f/sandbox/darwin-sandbox/4737/execroot/_main/_tmp/6abc4c3eda020427f059a9faef886b83/shard-0/config/1/validator-config.yaml --force-clear-db --accept-terms-of-use --enable-doppelganger --interop-num-validators=128 --interop-start-index=128" func="github.com/OffchainLabs/prysm/v7/testing/endtoend/components.(*ValidatorNode).Start" file="testing/endtoend/components/validator.go:311" prefix=components
time="2026-03-06T22:46:35Z" level=info msg="Starting validator client 0 with flags: /private/var/tmp/_bazel_junclaw/9caafecbb4bf6fb84d69cfa21c3bed3f/sandbox/darwin-sandbox/4737/execroot/_main/bazel-out/darwin_arm64-fastbuild-ST-4e1ef3213b42/bin/testing/endtoend/go_default_test_/go_default_test.runfiles/_main/cmd/validator/validator_/validator --datadir=/private/var/tmp/_bazel_junclaw/9caafecbb4bf6fb84d69cfa21c3bed3f/sandbox/darwin-sandbox/4737/execroot/_main/_tmp/6abc4c3eda020427f059a9faef886b83/shard-0/eth2-val-0 --log-file=/private/var/tmp/_bazel_junclaw/9caafecbb4bf6fb84d69cfa21c3bed3f/sandbox/darwin-sandbox/4737/execroot/_main/bazel-out/darwin_arm64-fastbuild-ST-4e1ef3213b42/testlogs/testing/endtoend/go_default_test/test.outputs/20260306/224630/TestEndToEnd_MinimalConfig/vals-0.log --graffiti-file=/private/var/tmp/_bazel_junclaw/9caafecbb4bf6fb84d69cfa21c3bed3f/sandbox/darwin-sandbox/4737/execroot/_main/_tmp/6abc4c3eda020427f059a9faef886b83/shard-0/graffiti.yaml --monitoring-port=6200 --http-port=6150 --beacon-rpc-provider=localhost:4150 --grpc-headers=dummy=value,foo=bar --verbosity=debug --proposer-settings-file=/private/var/tmp/_bazel_junclaw/9caafecbb4bf6fb84d69cfa21c3bed3f/sandbox/darwin-sandbox/4737/execroot/_main/_tmp/6abc4c3eda020427f059a9faef886b83/shard-0/proposer-settings/validator_0/config.json --chain-config-file=/private/var/tmp/_bazel_junclaw/9caafecbb4bf6fb84d69cfa21c3bed3f/sandbox/darwin-sandbox/4737/execroot/_main/_tmp/6abc4c3eda020427f059a9faef886b83/shard-0/config/0/validator-config.yaml --force-clear-db --accept-terms-of-use --enable-doppelganger --interop-num-validators=128 --interop-start-index=0" func="github.com/OffchainLabs/prysm/v7/testing/endtoend/components.(*ValidatorNode).Start" file="testing/endtoend/components/validator.go:311" prefix=components
    component_handler_test.go:275: 
        PID of components. Attach a debugger... if you dare!
        
        This test PID: 60277 (parent=60271)
        Prysm beacon chain nodes: [60284 60283]
        Prysm validators: [60288 60287]
        Validators: [60288 60287]
        ETH1 nodes: [60282]
=== RUN   TestEndToEnd_MinimalConfig/chain_started
time="2026-03-06T22:46:46Z" level=info msg="Setting genesis validators root" func="testing/endtoend/go_default_test.(*testRunner).postStartConfigure.WithGenesisValidatorsRoot.func1" file="config/params/opts.go:12" genesisValidatorsRoot=0xa7110269b451516f1d858626d9d678c71c5484f9b58b334b625b16b8f7053df7 package=config/params
time="2026-03-06T22:46:46Z" level=info msg="Running deposit tests" func="testing/endtoend/go_default_test.(*testRunner).testDepositsAndTx.func1.1" file="testing/endtoend/endtoend_test.go:230"
time="2026-03-06T22:46:46Z" level=info msg="SendAndMine balance check" func="github.com/OffchainLabs/prysm/v7/testing/endtoend/components/eth1.(*Depositor).SendAndMine" file="testing/endtoend/components/eth1/depositor.go:152" account=0x878705ba3f8Bc32FCf7F4CAa1A35E72AF65CF766 balance=100000000000000000000000000000
time="2026-03-06T22:46:46Z" level=info msg="Starting validator client 2 with flags: /private/var/tmp/_bazel_junclaw/9caafecbb4bf6fb84d69cfa21c3bed3f/sandbox/darwin-sandbox/4737/execroot/_main/bazel-out/darwin_arm64-fastbuild-ST-4e1ef3213b42/bin/testing/endtoend/go_default_test_/go_default_test.runfiles/_main/cmd/validator/validator_/validator --datadir=/private/var/tmp/_bazel_junclaw/9caafecbb4bf6fb84d69cfa21c3bed3f/sandbox/darwin-sandbox/4737/execroot/_main/_tmp/6abc4c3eda020427f059a9faef886b83/shard-0/eth2-val-2 --log-file=/private/var/tmp/_bazel_junclaw/9caafecbb4bf6fb84d69cfa21c3bed3f/sandbox/darwin-sandbox/4737/execroot/_main/bazel-out/darwin_arm64-fastbuild-ST-4e1ef3213b42/testlogs/testing/endtoend/go_default_test/test.outputs/20260306/224630/TestEndToEnd_MinimalConfig/vals-2.log --graffiti-file=/private/var/tmp/_bazel_junclaw/9caafecbb4bf6fb84d69cfa21c3bed3f/sandbox/darwin-sandbox/4737/execroot/_main/_tmp/6abc4c3eda020427f059a9faef886b83/shard-0/graffiti.yaml --monitoring-port=6202 --http-port=6152 --beacon-rpc-provider=localhost:4150 --grpc-headers=dummy=value,foo=bar --verbosity=debug --proposer-settings-file=/private/var/tmp/_bazel_junclaw/9caafecbb4bf6fb84d69cfa21c3bed3f/sandbox/darwin-sandbox/4737/execroot/_main/_tmp/6abc4c3eda020427f059a9faef886b83/shard-0/proposer-settings/validator_2/config.json --chain-config-file=/private/var/tmp/_bazel_junclaw/9caafecbb4bf6fb84d69cfa21c3bed3f/sandbox/darwin-sandbox/4737/execroot/_main/_tmp/6abc4c3eda020427f059a9faef886b83/shard-0/config/2/validator-config.yaml --force-clear-db --accept-terms-of-use --enable-doppelganger --interop-num-validators=64 --interop-start-index=256" func="github.com/OffchainLabs/prysm/v7/testing/endtoend/components.(*ValidatorNode).Start" file="testing/endtoend/components/validator.go:311" prefix=components
=== RUN   TestEndToEnd_MinimalConfig/validator_sync_participation_0
=== RUN   TestEndToEnd_MinimalConfig/validators_active_epoch_0
=== RUN   TestEndToEnd_MinimalConfig/peers_connect_epoch_0
=== RUN   TestEndToEnd_MinimalConfig/finished_syncing_0
=== RUN   TestEndToEnd_MinimalConfig/all_nodes_have_same_head_0
time="2026-03-06T22:48:15Z" level=info msg="Transaction generator" func="github.com/OffchainLabs/prysm/v7/testing/endtoend/components/eth1.(*TransactionGenerator).Start" file="testing/endtoend/components/eth1/transactions.go:70" Seed=190306263195823943
time="2026-03-06T22:48:45Z" level=info msg="Sending blob transactions with sidecars" func=github.com/OffchainLabs/prysm/v7/testing/endtoend/components/eth1.SendTransaction file="testing/endtoend/components/eth1/transactions.go:178"
=== RUN   TestEndToEnd_MinimalConfig/metrics_check_epoch_1
=== RUN   TestEndToEnd_MinimalConfig/fee_recipient_is_present_1
=== RUN   TestEndToEnd_MinimalConfig/validators_active_epoch_1
=== RUN   TestEndToEnd_MinimalConfig/verify_graffiti_in_blocks_epoch_1
=== RUN   TestEndToEnd_MinimalConfig/peers_check_epoch_1
=== RUN   TestEndToEnd_MinimalConfig/validators_vote_with_the_majority_1
=== RUN   TestEndToEnd_MinimalConfig/finished_syncing_1
=== RUN   TestEndToEnd_MinimalConfig/all_nodes_have_same_head_1
=== RUN   TestEndToEnd_MinimalConfig/validator_sync_participation_1
=== RUN   TestEndToEnd_MinimalConfig/healthz_check_epoch_1
time="2026-03-06T22:48:55Z" level=info msg="Sending blob transactions with sidecars" func=github.com/OffchainLabs/prysm/v7/testing/endtoend/components/eth1.SendTransaction file="testing/endtoend/components/eth1/transactions.go:178"
time="2026-03-06T22:49:05Z" level=info msg="Sending blob transactions with sidecars" func=github.com/OffchainLabs/prysm/v7/testing/endtoend/components/eth1.SendTransaction file="testing/endtoend/components/eth1/transactions.go:178"
time="2026-03-06T22:49:15Z" level=info msg="Sending blob transactions with sidecars" func=github.com/OffchainLabs/prysm/v7/testing/endtoend/components/eth1.SendTransaction file="testing/endtoend/components/eth1/transactions.go:178"
time="2026-03-06T22:49:25Z" level=info msg="Sending blob transactions with sidecars" func=github.com/OffchainLabs/prysm/v7/testing/endtoend/components/eth1.SendTransaction file="testing/endtoend/components/eth1/transactions.go:178"
time="2026-03-06T22:49:35Z" level=info msg="Sending blob transactions with cell proofs" func=github.com/OffchainLabs/prysm/v7/testing/endtoend/components/eth1.SendTransaction file="testing/endtoend/components/eth1/transactions.go:158"
time="2026-03-06T22:49:45Z" level=info msg="Sending blob transactions with cell proofs" func=github.com/OffchainLabs/prysm/v7/testing/endtoend/components/eth1.SendTransaction file="testing/endtoend/components/eth1/transactions.go:158"
time="2026-03-06T22:49:55Z" level=info msg="Sending blob transactions with cell proofs" func=github.com/OffchainLabs/prysm/v7/testing/endtoend/components/eth1.SendTransaction file="testing/endtoend/components/eth1/transactions.go:158"
time="2026-03-06T22:50:05Z" level=info msg="Sending blob transactions with cell proofs" func=github.com/OffchainLabs/prysm/v7/testing/endtoend/components/eth1.SendTransaction file="testing/endtoend/components/eth1/transactions.go:158"
=== RUN   TestEndToEnd_MinimalConfig/metrics_check_epoch_2
=== RUN   TestEndToEnd_MinimalConfig/blob_limits_respected_epoch_2
=== RUN   TestEndToEnd_MinimalConfig/validators_active_epoch_2
=== RUN   TestEndToEnd_MinimalConfig/verify_graffiti_in_blocks_epoch_2
=== RUN   TestEndToEnd_MinimalConfig/peers_check_epoch_2
=== RUN   TestEndToEnd_MinimalConfig/validators_vote_with_the_majority_2
=== RUN   TestEndToEnd_MinimalConfig/finished_syncing_2
=== RUN   TestEndToEnd_MinimalConfig/all_nodes_have_same_head_2
=== RUN   TestEndToEnd_MinimalConfig/validator_sync_participation_2
=== RUN   TestEndToEnd_MinimalConfig/fee_recipient_is_present_2
=== RUN   TestEndToEnd_MinimalConfig/fulu_fork_transition_2
=== RUN   TestEndToEnd_MinimalConfig/healthz_check_epoch_2
time="2026-03-06T22:50:15Z" level=info msg="Sending blob transactions with cell proofs" func=github.com/OffchainLabs/prysm/v7/testing/endtoend/components/eth1.SendTransaction file="testing/endtoend/components/eth1/transactions.go:158"
time="2026-03-06T22:50:25Z" level=info msg="Sending blob transactions with cell proofs" func=github.com/OffchainLabs/prysm/v7/testing/endtoend/components/eth1.SendTransaction file="testing/endtoend/components/eth1/transactions.go:158"
time="2026-03-06T22:50:35Z" level=info msg="Sending blob transactions with cell proofs" func=github.com/OffchainLabs/prysm/v7/testing/endtoend/components/eth1.SendTransaction file="testing/endtoend/components/eth1/transactions.go:158"
time="2026-03-06T22:50:45Z" level=info msg="Sending blob transactions with cell proofs" func=github.com/OffchainLabs/prysm/v7/testing/endtoend/components/eth1.SendTransaction file="testing/endtoend/components/eth1/transactions.go:158"
time="2026-03-06T22:50:55Z" level=info msg="Sending blob transactions with cell proofs" func=github.com/OffchainLabs/prysm/v7/testing/endtoend/components/eth1.SendTransaction file="testing/endtoend/components/eth1/transactions.go:158"
time="2026-03-06T22:51:05Z" level=info msg="Sending blob transactions with cell proofs" func=github.com/OffchainLabs/prysm/v7/testing/endtoend/components/eth1.SendTransaction file="testing/endtoend/components/eth1/transactions.go:158"
time="2026-03-06T22:51:15Z" level=info msg="Sending blob transactions with cell proofs" func=github.com/OffchainLabs/prysm/v7/testing/endtoend/components/eth1.SendTransaction file="testing/endtoend/components/eth1/transactions.go:158"
time="2026-03-06T22:51:25Z" level=info msg="Sending blob transactions with cell proofs" func=github.com/OffchainLabs/prysm/v7/testing/endtoend/components/eth1.SendTransaction file="testing/endtoend/components/eth1/transactions.go:158"
=== RUN   TestEndToEnd_MinimalConfig/healthz_check_epoch_3
=== RUN   TestEndToEnd_MinimalConfig/metrics_check_epoch_3
=== RUN   TestEndToEnd_MinimalConfig/validators_participating_epoch_3
=== RUN   TestEndToEnd_MinimalConfig/validators_active_epoch_3
=== RUN   TestEndToEnd_MinimalConfig/validators_vote_with_the_majority_3
=== RUN   TestEndToEnd_MinimalConfig/finished_syncing_3
=== RUN   TestEndToEnd_MinimalConfig/verify_graffiti_in_blocks_epoch_3
=== RUN   TestEndToEnd_MinimalConfig/peers_check_epoch_3
=== RUN   TestEndToEnd_MinimalConfig/all_nodes_have_same_head_3
=== RUN   TestEndToEnd_MinimalConfig/validator_sync_participation_3
=== RUN   TestEndToEnd_MinimalConfig/fee_recipient_is_present_3
=== RUN   TestEndToEnd_MinimalConfig/blob_limits_respected_epoch_3
time="2026-03-06T22:51:30Z" level=info msg="Blob utilization stats for epoch" func=github.com/OffchainLabs/prysm/v7/testing/endtoend/evaluators.blobLimitsRespected file="testing/endtoend/evaluators/blob_limits.go:211" blockCount=8 epoch=2 isBPOTransitionEpoch=false maxBlobsForEpoch=9 maxBlobsInBlock=6 prevEpochMaxBlobs=9 totalBlobs=42 utilizationPercent=66
time="2026-03-06T22:51:35Z" level=info msg="Sending blob transactions with cell proofs" func=github.com/OffchainLabs/prysm/v7/testing/endtoend/components/eth1.SendTransaction file="testing/endtoend/components/eth1/transactions.go:158"
time="2026-03-06T22:51:45Z" level=info msg="Sending blob transactions with cell proofs" func=github.com/OffchainLabs/prysm/v7/testing/endtoend/components/eth1.SendTransaction file="testing/endtoend/components/eth1/transactions.go:158"
time="2026-03-06T22:51:55Z" level=info msg="Sending blob transactions with cell proofs" func=github.com/OffchainLabs/prysm/v7/testing/endtoend/components/eth1.SendTransaction file="testing/endtoend/components/eth1/transactions.go:158"
time="2026-03-06T22:52:05Z" level=info msg="Sending blob transactions with cell proofs" func=github.com/OffchainLabs/prysm/v7/testing/endtoend/components/eth1.SendTransaction file="testing/endtoend/components/eth1/transactions.go:158"
time="2026-03-06T22:52:15Z" level=info msg="Sending blob transactions with cell proofs" func=github.com/OffchainLabs/prysm/v7/testing/endtoend/components/eth1.SendTransaction file="testing/endtoend/components/eth1/transactions.go:158"
time="2026-03-06T22:52:25Z" level=info msg="Sending blob transactions with cell proofs" func=github.com/OffchainLabs/prysm/v7/testing/endtoend/components/eth1.SendTransaction file="testing/endtoend/components/eth1/transactions.go:158"
time="2026-03-06T22:52:35Z" level=info msg="Sending blob transactions with cell proofs" func=github.com/OffchainLabs/prysm/v7/testing/endtoend/components/eth1.SendTransaction file="testing/endtoend/components/eth1/transactions.go:158"
time="2026-03-06T22:52:45Z" level=info msg="Sending blob transactions with cell proofs" func=github.com/OffchainLabs/prysm/v7/testing/endtoend/components/eth1.SendTransaction file="testing/endtoend/components/eth1/transactions.go:158"
=== RUN   TestEndToEnd_MinimalConfig/healthz_check_epoch_4
=== RUN   TestEndToEnd_MinimalConfig/finished_syncing_4
=== RUN   TestEndToEnd_MinimalConfig/propose_voluntary_exit_epoch_4
=== RUN   TestEndToEnd_MinimalConfig/validators_participating_epoch_4
=== RUN   TestEndToEnd_MinimalConfig/finalizes_at_epoch_4
=== RUN   TestEndToEnd_MinimalConfig/validators_active_epoch_4
=== RUN   TestEndToEnd_MinimalConfig/metrics_check_epoch_4
=== RUN   TestEndToEnd_MinimalConfig/peers_check_epoch_4
=== RUN   TestEndToEnd_MinimalConfig/all_nodes_have_same_head_4
=== RUN   TestEndToEnd_MinimalConfig/validator_sync_participation_4
=== RUN   TestEndToEnd_MinimalConfig/fee_recipient_is_present_4
=== RUN   TestEndToEnd_MinimalConfig/blob_limits_respected_epoch_4
=== RUN   TestEndToEnd_MinimalConfig/validators_vote_with_the_majority_4
=== RUN   TestEndToEnd_MinimalConfig/verify_graffiti_in_blocks_epoch_4
time="2026-03-06T22:52:50Z" level=info msg="Blob utilization stats for epoch" func=github.com/OffchainLabs/prysm/v7/testing/endtoend/evaluators.blobLimitsRespected file="testing/endtoend/evaluators/blob_limits.go:211" blockCount=8 epoch=3 isBPOTransitionEpoch=true maxBlobsForEpoch=15 maxBlobsInBlock=12 prevEpochMaxBlobs=9 totalBlobs=96 utilizationPercent=80
time="2026-03-06T22:52:50Z" level=info msg="BPO activation verified: blocks are using capacity beyond previous limit" func=github.com/OffchainLabs/prysm/v7/testing/endtoend/evaluators.blobLimitsRespected file="testing/endtoend/evaluators/blob_limits.go:229" epoch=3 maxBlobsInBlock=12 newLimit=15 prevLimit=9
time="2026-03-06T22:52:55Z" level=info msg="Sending blob transactions with cell proofs" func=github.com/OffchainLabs/prysm/v7/testing/endtoend/components/eth1.SendTransaction file="testing/endtoend/components/eth1/transactions.go:158"
time="2026-03-06T22:53:05Z" level=info msg="Sending blob transactions with cell proofs" func=github.com/OffchainLabs/prysm/v7/testing/endtoend/components/eth1.SendTransaction file="testing/endtoend/components/eth1/transactions.go:158"
time="2026-03-06T22:53:15Z" level=info msg="Sending blob transactions with cell proofs" func=github.com/OffchainLabs/prysm/v7/testing/endtoend/components/eth1.SendTransaction file="testing/endtoend/components/eth1/transactions.go:158"
time="2026-03-06T22:53:25Z" level=info msg="Sending blob transactions with cell proofs" func=github.com/OffchainLabs/prysm/v7/testing/endtoend/components/eth1.SendTransaction file="testing/endtoend/components/eth1/transactions.go:158"
time="2026-03-06T22:53:35Z" level=info msg="Sending blob transactions with cell proofs" func=github.com/OffchainLabs/prysm/v7/testing/endtoend/components/eth1.SendTransaction file="testing/endtoend/components/eth1/transactions.go:158"
time="2026-03-06T22:53:45Z" level=info msg="Sending blob transactions with cell proofs" func=github.com/OffchainLabs/prysm/v7/testing/endtoend/components/eth1.SendTransaction file="testing/endtoend/components/eth1/transactions.go:158"
time="2026-03-06T22:53:55Z" level=info msg="Sending blob transactions with cell proofs" func=github.com/OffchainLabs/prysm/v7/testing/endtoend/components/eth1.SendTransaction file="testing/endtoend/components/eth1/transactions.go:158"
time="2026-03-06T22:54:05Z" level=info msg="Sending blob transactions with cell proofs" func=github.com/OffchainLabs/prysm/v7/testing/endtoend/components/eth1.SendTransaction file="testing/endtoend/components/eth1/transactions.go:158"
=== RUN   TestEndToEnd_MinimalConfig/healthz_check_epoch_5
=== RUN   TestEndToEnd_MinimalConfig/validator_sync_participation_5
=== RUN   TestEndToEnd_MinimalConfig/submit_withdrawal_epoch_5
=== RUN   TestEndToEnd_MinimalConfig/metrics_check_epoch_5
=== RUN   TestEndToEnd_MinimalConfig/finalizes_at_epoch_5
=== RUN   TestEndToEnd_MinimalConfig/validators_participating_epoch_5
=== RUN   TestEndToEnd_MinimalConfig/peers_check_epoch_5
=== RUN   TestEndToEnd_MinimalConfig/verify_graffiti_in_blocks_epoch_5
=== RUN   TestEndToEnd_MinimalConfig/all_nodes_have_same_head_5
=== RUN   TestEndToEnd_MinimalConfig/validators_vote_with_the_majority_5
=== RUN   TestEndToEnd_MinimalConfig/finished_syncing_5
=== RUN   TestEndToEnd_MinimalConfig/fee_recipient_is_present_5
=== RUN   TestEndToEnd_MinimalConfig/blob_limits_respected_epoch_5
=== RUN   TestEndToEnd_MinimalConfig/validators_active_epoch_5
=== RUN   TestEndToEnd_MinimalConfig/voluntary_has_exited_5
time="2026-03-06T22:54:10Z" level=info msg="Blob utilization stats for epoch" func=github.com/OffchainLabs/prysm/v7/testing/endtoend/evaluators.blobLimitsRespected file="testing/endtoend/evaluators/blob_limits.go:211" blockCount=8 epoch=4 isBPOTransitionEpoch=true maxBlobsForEpoch=21 maxBlobsInBlock=18 prevEpochMaxBlobs=15 totalBlobs=144 utilizationPercent=85
time="2026-03-06T22:54:10Z" level=info msg="BPO activation verified: blocks are using capacity beyond previous limit" func=github.com/OffchainLabs/prysm/v7/testing/endtoend/evaluators.blobLimitsRespected file="testing/endtoend/evaluators/blob_limits.go:229" epoch=4 maxBlobsInBlock=18 newLimit=21 prevLimit=15
time="2026-03-06T22:54:15Z" level=info msg="Sending blob transactions with cell proofs" func=github.com/OffchainLabs/prysm/v7/testing/endtoend/components/eth1.SendTransaction file="testing/endtoend/components/eth1/transactions.go:158"
time="2026-03-06T22:54:25Z" level=info msg="Sending blob transactions with cell proofs" func=github.com/OffchainLabs/prysm/v7/testing/endtoend/components/eth1.SendTransaction file="testing/endtoend/components/eth1/transactions.go:158"
time="2026-03-06T22:54:35Z" level=info msg="Sending blob transactions with cell proofs" func=github.com/OffchainLabs/prysm/v7/testing/endtoend/components/eth1.SendTransaction file="testing/endtoend/components/eth1/transactions.go:158"
time="2026-03-06T22:54:45Z" level=info msg="Sending blob transactions with cell proofs" func=github.com/OffchainLabs/prysm/v7/testing/endtoend/components/eth1.SendTransaction file="testing/endtoend/components/eth1/transactions.go:158"
time="2026-03-06T22:54:55Z" level=info msg="Sending blob transactions with cell proofs" func=github.com/OffchainLabs/prysm/v7/testing/endtoend/components/eth1.SendTransaction file="testing/endtoend/components/eth1/transactions.go:158"
time="2026-03-06T22:55:05Z" level=info msg="Sending blob transactions with cell proofs" func=github.com/OffchainLabs/prysm/v7/testing/endtoend/components/eth1.SendTransaction file="testing/endtoend/components/eth1/transactions.go:158"
time="2026-03-06T22:55:15Z" level=info msg="Sending blob transactions with cell proofs" func=github.com/OffchainLabs/prysm/v7/testing/endtoend/components/eth1.SendTransaction file="testing/endtoend/components/eth1/transactions.go:158"
time="2026-03-06T22:55:25Z" level=info msg="Sending blob transactions with cell proofs" func=github.com/OffchainLabs/prysm/v7/testing/endtoend/components/eth1.SendTransaction file="testing/endtoend/components/eth1/transactions.go:158"
=== RUN   TestEndToEnd_MinimalConfig/validators_active_epoch_6
=== RUN   TestEndToEnd_MinimalConfig/healthz_check_epoch_6
=== RUN   TestEndToEnd_MinimalConfig/metrics_check_epoch_6
=== RUN   TestEndToEnd_MinimalConfig/blob_limits_respected_epoch_6
=== RUN   TestEndToEnd_MinimalConfig/validators_participating_epoch_6
=== RUN   TestEndToEnd_MinimalConfig/finalizes_at_epoch_6
=== RUN   TestEndToEnd_MinimalConfig/verify_graffiti_in_blocks_epoch_6
=== RUN   TestEndToEnd_MinimalConfig/peers_check_epoch_6
=== RUN   TestEndToEnd_MinimalConfig/validators_vote_with_the_majority_6
=== RUN   TestEndToEnd_MinimalConfig/finished_syncing_6
=== RUN   TestEndToEnd_MinimalConfig/all_nodes_have_same_head_6
=== RUN   TestEndToEnd_MinimalConfig/validator_sync_participation_6
=== RUN   TestEndToEnd_MinimalConfig/fee_recipient_is_present_6
time="2026-03-06T22:55:30Z" level=info msg="Blob utilization stats for epoch" func=github.com/OffchainLabs/prysm/v7/testing/endtoend/evaluators.blobLimitsRespected file="testing/endtoend/evaluators/blob_limits.go:211" blockCount=8 epoch=5 isBPOTransitionEpoch=false maxBlobsForEpoch=21 maxBlobsInBlock=18 prevEpochMaxBlobs=21 totalBlobs=144 utilizationPercent=85
time="2026-03-06T22:55:35Z" level=info msg="Sending blob transactions with cell proofs" func=github.com/OffchainLabs/prysm/v7/testing/endtoend/components/eth1.SendTransaction file="testing/endtoend/components/eth1/transactions.go:158"
time="2026-03-06T22:55:45Z" level=info msg="Sending blob transactions with cell proofs" func=github.com/OffchainLabs/prysm/v7/testing/endtoend/components/eth1.SendTransaction file="testing/endtoend/components/eth1/transactions.go:158"
time="2026-03-06T22:55:55Z" level=info msg="Sending blob transactions with cell proofs" func=github.com/OffchainLabs/prysm/v7/testing/endtoend/components/eth1.SendTransaction file="testing/endtoend/components/eth1/transactions.go:158"
time="2026-03-06T22:56:05Z" level=info msg="Sending blob transactions with cell proofs" func=github.com/OffchainLabs/prysm/v7/testing/endtoend/components/eth1.SendTransaction file="testing/endtoend/components/eth1/transactions.go:158"
time="2026-03-06T22:56:15Z" level=info msg="Sending blob transactions with cell proofs" func=github.com/OffchainLabs/prysm/v7/testing/endtoend/components/eth1.SendTransaction file="testing/endtoend/components/eth1/transactions.go:158"
time="2026-03-06T22:56:25Z" level=info msg="Sending blob transactions with cell proofs" func=github.com/OffchainLabs/prysm/v7/testing/endtoend/components/eth1.SendTransaction file="testing/endtoend/components/eth1/transactions.go:158"
time="2026-03-06T22:56:35Z" level=info msg="Sending blob transactions with cell proofs" func=github.com/OffchainLabs/prysm/v7/testing/endtoend/components/eth1.SendTransaction file="testing/endtoend/components/eth1/transactions.go:158"
time="2026-03-06T22:56:45Z" level=info msg="Sending blob transactions with cell proofs" func=github.com/OffchainLabs/prysm/v7/testing/endtoend/components/eth1.SendTransaction file="testing/endtoend/components/eth1/transactions.go:158"
=== RUN   TestEndToEnd_MinimalConfig/metrics_check_epoch_7
=== RUN   TestEndToEnd_MinimalConfig/healthz_check_epoch_7
=== RUN   TestEndToEnd_MinimalConfig/peers_check_epoch_7
=== RUN   TestEndToEnd_MinimalConfig/validators_active_epoch_7
=== RUN   TestEndToEnd_MinimalConfig/validators_participating_epoch_7
=== RUN   TestEndToEnd_MinimalConfig/finalizes_at_epoch_7
=== RUN   TestEndToEnd_MinimalConfig/verify_graffiti_in_blocks_epoch_7
=== RUN   TestEndToEnd_MinimalConfig/finished_syncing_7
=== RUN   TestEndToEnd_MinimalConfig/validators_vote_with_the_majority_7
=== RUN   TestEndToEnd_MinimalConfig/blob_limits_respected_epoch_7
=== RUN   TestEndToEnd_MinimalConfig/validator_sync_participation_7
=== RUN   TestEndToEnd_MinimalConfig/fee_recipient_is_present_7
=== RUN   TestEndToEnd_MinimalConfig/all_nodes_have_same_head_7
time="2026-03-06T22:56:50Z" level=info msg="Blob utilization stats for epoch" func=github.com/OffchainLabs/prysm/v7/testing/endtoend/evaluators.blobLimitsRespected file="testing/endtoend/evaluators/blob_limits.go:211" blockCount=8 epoch=6 isBPOTransitionEpoch=false maxBlobsForEpoch=21 maxBlobsInBlock=18 prevEpochMaxBlobs=21 totalBlobs=144 utilizationPercent=85
time="2026-03-06T22:56:55Z" level=info msg="Sending blob transactions with cell proofs" func=github.com/OffchainLabs/prysm/v7/testing/endtoend/components/eth1.SendTransaction file="testing/endtoend/components/eth1/transactions.go:158"
time="2026-03-06T22:57:05Z" level=info msg="Sending blob transactions with cell proofs" func=github.com/OffchainLabs/prysm/v7/testing/endtoend/components/eth1.SendTransaction file="testing/endtoend/components/eth1/transactions.go:158"
time="2026-03-06T22:57:15Z" level=info msg="Sending blob transactions with cell proofs" func=github.com/OffchainLabs/prysm/v7/testing/endtoend/components/eth1.SendTransaction file="testing/endtoend/components/eth1/transactions.go:158"
time="2026-03-06T22:57:25Z" level=info msg="Sending blob transactions with cell proofs" func=github.com/OffchainLabs/prysm/v7/testing/endtoend/components/eth1.SendTransaction file="testing/endtoend/components/eth1/transactions.go:158"
time="2026-03-06T22:57:35Z" level=info msg="Sending blob transactions with cell proofs" func=github.com/OffchainLabs/prysm/v7/testing/endtoend/components/eth1.SendTransaction file="testing/endtoend/components/eth1/transactions.go:158"
time="2026-03-06T22:57:45Z" level=info msg="Sending blob transactions with cell proofs" func=github.com/OffchainLabs/prysm/v7/testing/endtoend/components/eth1.SendTransaction file="testing/endtoend/components/eth1/transactions.go:158"
time="2026-03-06T22:57:55Z" level=info msg="Sending blob transactions with cell proofs" func=github.com/OffchainLabs/prysm/v7/testing/endtoend/components/eth1.SendTransaction file="testing/endtoend/components/eth1/transactions.go:158"
time="2026-03-06T22:58:05Z" level=info msg="Sending blob transactions with cell proofs" func=github.com/OffchainLabs/prysm/v7/testing/endtoend/components/eth1.SendTransaction file="testing/endtoend/components/eth1/transactions.go:158"
=== RUN   TestEndToEnd_MinimalConfig/metrics_check_epoch_8
=== RUN   TestEndToEnd_MinimalConfig/validator_has_withdrawn_8
=== RUN   TestEndToEnd_MinimalConfig/validators_active_epoch_8
=== RUN   TestEndToEnd_MinimalConfig/healthz_check_epoch_8
=== RUN   TestEndToEnd_MinimalConfig/validators_participating_epoch_8
=== RUN   TestEndToEnd_MinimalConfig/finalizes_at_epoch_8
=== RUN   TestEndToEnd_MinimalConfig/verify_graffiti_in_blocks_epoch_8
=== RUN   TestEndToEnd_MinimalConfig/peers_check_epoch_8
=== RUN   TestEndToEnd_MinimalConfig/validators_vote_with_the_majority_8
=== RUN   TestEndToEnd_MinimalConfig/finished_syncing_8
=== RUN   TestEndToEnd_MinimalConfig/all_nodes_have_same_head_8
=== RUN   TestEndToEnd_MinimalConfig/validator_sync_participation_8
=== RUN   TestEndToEnd_MinimalConfig/blob_limits_respected_epoch_8
=== RUN   TestEndToEnd_MinimalConfig/fee_recipient_is_present_8
time="2026-03-06T22:58:10Z" level=info msg="Blob utilization stats for epoch" func=github.com/OffchainLabs/prysm/v7/testing/endtoend/evaluators.blobLimitsRespected file="testing/endtoend/evaluators/blob_limits.go:211" blockCount=8 epoch=7 isBPOTransitionEpoch=false maxBlobsForEpoch=21 maxBlobsInBlock=18 prevEpochMaxBlobs=21 totalBlobs=144 utilizationPercent=85
time="2026-03-06T22:58:15Z" level=info msg="Sending blob transactions with cell proofs" func=github.com/OffchainLabs/prysm/v7/testing/endtoend/components/eth1.SendTransaction file="testing/endtoend/components/eth1/transactions.go:158"
time="2026-03-06T22:58:25Z" level=info msg="Sending blob transactions with cell proofs" func=github.com/OffchainLabs/prysm/v7/testing/endtoend/components/eth1.SendTransaction file="testing/endtoend/components/eth1/transactions.go:158"
time="2026-03-06T22:58:35Z" level=info msg="Sending blob transactions with cell proofs" func=github.com/OffchainLabs/prysm/v7/testing/endtoend/components/eth1.SendTransaction file="testing/endtoend/components/eth1/transactions.go:158"
time="2026-03-06T22:58:45Z" level=info msg="Sending blob transactions with cell proofs" func=github.com/OffchainLabs/prysm/v7/testing/endtoend/components/eth1.SendTransaction file="testing/endtoend/components/eth1/transactions.go:158"
time="2026-03-06T22:58:55Z" level=info msg="Sending blob transactions with cell proofs" func=github.com/OffchainLabs/prysm/v7/testing/endtoend/components/eth1.SendTransaction file="testing/endtoend/components/eth1/transactions.go:158"
time="2026-03-06T22:59:05Z" level=info msg="Sending blob transactions with cell proofs" func=github.com/OffchainLabs/prysm/v7/testing/endtoend/components/eth1.SendTransaction file="testing/endtoend/components/eth1/transactions.go:158"
time="2026-03-06T22:59:15Z" level=info msg="Sending blob transactions with cell proofs" func=github.com/OffchainLabs/prysm/v7/testing/endtoend/components/eth1.SendTransaction file="testing/endtoend/components/eth1/transactions.go:158"
time="2026-03-06T22:59:25Z" level=info msg="Sending blob transactions with cell proofs" func=github.com/OffchainLabs/prysm/v7/testing/endtoend/components/eth1.SendTransaction file="testing/endtoend/components/eth1/transactions.go:158"
=== RUN   TestEndToEnd_MinimalConfig/validators_active_epoch_9
=== RUN   TestEndToEnd_MinimalConfig/healthz_check_epoch_9
=== RUN   TestEndToEnd_MinimalConfig/peers_check_epoch_9
=== RUN   TestEndToEnd_MinimalConfig/validators_participating_epoch_9
=== RUN   TestEndToEnd_MinimalConfig/finalizes_at_epoch_9
=== RUN   TestEndToEnd_MinimalConfig/verify_graffiti_in_blocks_epoch_9
=== RUN   TestEndToEnd_MinimalConfig/blob_limits_respected_epoch_9
=== RUN   TestEndToEnd_MinimalConfig/validators_vote_with_the_majority_9
=== RUN   TestEndToEnd_MinimalConfig/metrics_check_epoch_9
=== RUN   TestEndToEnd_MinimalConfig/finished_syncing_9
=== RUN   TestEndToEnd_MinimalConfig/validator_sync_participation_9
=== RUN   TestEndToEnd_MinimalConfig/fee_recipient_is_present_9
=== RUN   TestEndToEnd_MinimalConfig/all_nodes_have_same_head_9
time="2026-03-06T22:59:30Z" level=info msg="Blob utilization stats for epoch" func=github.com/OffchainLabs/prysm/v7/testing/endtoend/evaluators.blobLimitsRespected file="testing/endtoend/evaluators/blob_limits.go:211" blockCount=8 epoch=8 isBPOTransitionEpoch=false maxBlobsForEpoch=21 maxBlobsInBlock=18 prevEpochMaxBlobs=21 totalBlobs=144 utilizationPercent=85
time="2026-03-06T22:59:35Z" level=info msg="Sending blob transactions with cell proofs" func=github.com/OffchainLabs/prysm/v7/testing/endtoend/components/eth1.SendTransaction file="testing/endtoend/components/eth1/transactions.go:158"
time="2026-03-06T22:59:37Z" level=info msg="SendAndMineByBatch check" func="github.com/OffchainLabs/prysm/v7/testing/endtoend/components/eth1.(*Depositor).SendAndMineByBatch" file="testing/endtoend/components/eth1/depositor.go:200" account=0x878705ba3f8Bc32FCf7F4CAa1A35E72AF65CF766 balance=99899997949671538804148674550 batchSize=8192 numBatches=0 numDeposits=32
time="2026-03-06T22:59:55Z" level=info msg="Starting eth1 node 2, attempt 0 with flags: --http.port=3202 --ws.port=3252 --authrpc.port=3302 --bootnodes=enode://f51af63ab88c0bf63070c312021daede7d5dc3c0db95b687183832a5cab8cc17722aed8f783003c248a6167bbbd9e145a4907c35f03fd018aac6f8e7abe0ee11@127.0.0.1:3150 --port=3152 --networkid=1337 --http --http.api=engine,net,eth --http.addr=127.0.0.1 --http.corsdomain=\"*\" --http.vhosts=\"*\" --rpc.allow-unprotected-txs --ws --ws.api=net,eth,engine --ws.addr=127.0.0.1 --ws.origins=\"*\" --ipcdisable --verbosity=4 --syncmode=full --miner.gaslimit=60000000 --txpool.locals=0x878705ba3f8bc32fcf7f4caa1a35e72af65cf766" func="github.com/OffchainLabs/prysm/v7/testing/endtoend/components/eth1.(*Node).Start" file="testing/endtoend/components/eth1/node.go:121"
time="2026-03-06T22:59:58Z" level=info msg="Eth1 node started after 0 retries" func="github.com/OffchainLabs/prysm/v7/testing/endtoend/components/eth1.(*Node).Start" file="testing/endtoend/components/eth1/node.go:144"
time="2026-03-06T22:59:58Z" level=info msg="Starting eth1 proxy 2 with port: 3352 and file /private/var/tmp/_bazel_junclaw/9caafecbb4bf6fb84d69cfa21c3bed3f/sandbox/darwin-sandbox/4737/execroot/_main/bazel-out/darwin_arm64-fastbuild-ST-4e1ef3213b42/testlogs/testing/endtoend/go_default_test/test.outputs/20260306/224630/TestEndToEnd_MinimalConfig/eth1_proxy_2.log" func="github.com/OffchainLabs/prysm/v7/testing/endtoend/components/eth1.(*Proxy).Start" file="testing/endtoend/components/eth1/proxy.go:162"
time="2026-03-06T22:59:58Z" level=info msg="BeaconState info" func="github.com/OffchainLabs/prysm/v7/testing/endtoend/components.(*BeaconNode).saveGenesis" file="testing/endtoend/components/beacon_node.go:191" forkVersion="[5 0 0 253]" latestBlockHeaderRoot=0x162b4d3de20a69e980b4acab24109f4839f3c2ee9354bc954a861a53406096c9 prefix=components stateRoot=0x2d8e558ae2dceb670186334c0940aecc4684f90948084eb4df92bcef89aa98d2
time="2026-03-06T22:59:58Z" level=info msg="Starting beacon chain 2 with flags: --genesis-state=/private/var/tmp/_bazel_junclaw/9caafecbb4bf6fb84d69cfa21c3bed3f/sandbox/darwin-sandbox/4737/execroot/_main/_tmp/6abc4c3eda020427f059a9faef886b83/shard-0/genesis/2/genesis.ssz --datadir=/private/var/tmp/_bazel_junclaw/9caafecbb4bf6fb84d69cfa21c3bed3f/sandbox/darwin-sandbox/4737/execroot/_main/_tmp/6abc4c3eda020427f059a9faef886b83/shard-0/eth2-beacon-node-2 --log-file=/private/var/tmp/_bazel_junclaw/9caafecbb4bf6fb84d69cfa21c3bed3f/sandbox/darwin-sandbox/4737/execroot/_main/bazel-out/darwin_arm64-fastbuild-ST-4e1ef3213b42/testlogs/testing/endtoend/go_default_test/test.outputs/20260306/224630/TestEndToEnd_MinimalConfig/beacon-2.log --deposit-contract=0x4242424242424242424242424242424242424242 --rpc-port=4152 --execution-endpoint=http://127.0.0.1:3352 --jwt-secret=/private/var/tmp/_bazel_junclaw/9caafecbb4bf6fb84d69cfa21c3bed3f/sandbox/darwin-sandbox/4737/execroot/_main/_tmp/6abc4c3eda020427f059a9faef886b83/shard-0/eth1data/2/geth/jwtsecret --min-sync-peers=1 --p2p-udp-port=4202 --p2p-quic-port=4252 --p2p-tcp-port=4302 --p2p-max-peers=3 --monitoring-port=4402 --http-port=4352 --contract-deployment-block=0 --minimum-peers-per-subnet=0 --rpc-max-page-size=256 --bootstrap-node=enr:-LG4QMtm1hsutid2jwNKKPwAMRPTXwdGgec6K08LJdlf4TUcEubNouIuiOdeVVCXvP1SngnHjuadWMSG8yNQVl1od9SGAZzFVLtIh2F0dG5ldHOIAAAAAAAAAACEZXRoMpD1pf1CAAAAAP__________gmlkgnY0gmlwhKwQJeaJc2VjcDI1NmsxoQKfzgU1HYzEz9cUzPIGvcs1uM5fpSrmlu-yI1rrZx6FZIN1ZHCCCGY --verbosity=debug --block-batch-limit-burst-factor=8 --blob-batch-limit-burst-factor=16 --blob-batch-limit=256 --chain-config-file=/private/var/tmp/_bazel_junclaw/9caafecbb4bf6fb84d69cfa21c3bed3f/sandbox/darwin-sandbox/4737/execroot/_main/_tmp/6abc4c3eda020427f059a9faef886b83/shard-0/config/2/beacon-config.yaml --monitor-indices=1 --monitor-indices=2 --force-clear-db --accept-terms-of-use --pprof --pprofport=4452 --dev --slots-per-archive-point=128 --tracing-endpoint=http://127.0.0.1:9150 --enable-tracing --trace-sample-fraction=1.0" func="github.com/OffchainLabs/prysm/v7/testing/endtoend/components.(*BeaconNode).Start" file="testing/endtoend/components/beacon_node.go:306" prefix=components
time="2026-03-06T23:00:05Z" level=info msg="Sending blob transactions with cell proofs" func=github.com/OffchainLabs/prysm/v7/testing/endtoend/components/eth1.SendTransaction file="testing/endtoend/components/eth1/transactions.go:158"
time="2026-03-06T23:00:15Z" level=info msg="Sending blob transactions with cell proofs" func=github.com/OffchainLabs/prysm/v7/testing/endtoend/components/eth1.SendTransaction file="testing/endtoend/components/eth1/transactions.go:158"
time="2026-03-06T23:00:25Z" level=info msg="Sending blob transactions with cell proofs" func=github.com/OffchainLabs/prysm/v7/testing/endtoend/components/eth1.SendTransaction file="testing/endtoend/components/eth1/transactions.go:158"
time="2026-03-06T23:00:35Z" level=info msg="Sending blob transactions with cell proofs" func=github.com/OffchainLabs/prysm/v7/testing/endtoend/components/eth1.SendTransaction file="testing/endtoend/components/eth1/transactions.go:158"
time="2026-03-06T23:00:45Z" level=info msg="Sending blob transactions with cell proofs" func=github.com/OffchainLabs/prysm/v7/testing/endtoend/components/eth1.SendTransaction file="testing/endtoend/components/eth1/transactions.go:158"
time="2026-03-06T23:00:55Z" level=info msg="Sending blob transactions with cell proofs" func=github.com/OffchainLabs/prysm/v7/testing/endtoend/components/eth1.SendTransaction file="testing/endtoend/components/eth1/transactions.go:158"
time="2026-03-06T23:01:05Z" level=info msg="Sending blob transactions with cell proofs" func=github.com/OffchainLabs/prysm/v7/testing/endtoend/components/eth1.SendTransaction file="testing/endtoend/components/eth1/transactions.go:158"
=== RUN   TestEndToEnd_MinimalConfig/sync_completed
time="2026-03-06T23:01:15Z" level=info msg="Sending blob transactions with cell proofs" func=github.com/OffchainLabs/prysm/v7/testing/endtoend/components/eth1.SendTransaction file="testing/endtoend/components/eth1/transactions.go:158"
time="2026-03-06T23:01:25Z" level=info msg="Sending blob transactions with cell proofs" func=github.com/OffchainLabs/prysm/v7/testing/endtoend/components/eth1.SendTransaction file="testing/endtoend/components/eth1/transactions.go:158"
time="2026-03-06T23:01:35Z" level=info msg="Sending blob transactions with cell proofs" func=github.com/OffchainLabs/prysm/v7/testing/endtoend/components/eth1.SendTransaction file="testing/endtoend/components/eth1/transactions.go:158"
time="2026-03-06T23:01:45Z" level=info msg="Sending blob transactions with cell proofs" func=github.com/OffchainLabs/prysm/v7/testing/endtoend/components/eth1.SendTransaction file="testing/endtoend/components/eth1/transactions.go:158"
time="2026-03-06T23:01:55Z" level=info msg="Sending blob transactions with cell proofs" func=github.com/OffchainLabs/prysm/v7/testing/endtoend/components/eth1.SendTransaction file="testing/endtoend/components/eth1/transactions.go:158"
time="2026-03-06T23:02:05Z" level=info msg="Sending blob transactions with cell proofs" func=github.com/OffchainLabs/prysm/v7/testing/endtoend/components/eth1.SendTransaction file="testing/endtoend/components/eth1/transactions.go:158"
=== RUN   TestEndToEnd_MinimalConfig/finished_syncing_%d
=== RUN   TestEndToEnd_MinimalConfig/all_nodes_have_same_head_%d
time="2026-03-06T23:02:15Z" level=info msg="Sending blob transactions with cell proofs" func=github.com/OffchainLabs/prysm/v7/testing/endtoend/components/eth1.SendTransaction file="testing/endtoend/components/eth1/transactions.go:158"
=== NAME  TestEndToEnd_MinimalConfig
    helpers.go:240: ==================== Start of beacon chain node 2 error output ==================
    helpers.go:242: time="2026-03-06 23:00:15.14" level=error msg="Beacon node is not respecting the follow distance. EL client is syncing." lastBlockNumber=0 package="beacon-chain/execution"
    helpers.go:242: time="2026-03-06 23:00:16.74" level=error msg="Beacon node is not respecting the follow distance. EL client is syncing." lastBlockNumber=0 package="beacon-chain/execution"
    helpers.go:242: time="2026-03-06 23:00:18.74" level=error msg="Beacon node is not respecting the follow distance. EL client is syncing." lastBlockNumber=0 package="beacon-chain/execution"
    helpers.go:242: time="2026-03-06 23:00:20.74" level=error msg="Beacon node is not respecting the follow distance. EL client is syncing." lastBlockNumber=0 package="beacon-chain/execution"
    helpers.go:242: time="2026-03-06 23:00:22.74" level=error msg="Beacon node is not respecting the follow distance. EL client is syncing." lastBlockNumber=0 package="beacon-chain/execution"
    helpers.go:242: time="2026-03-06 23:00:24.74" level=error msg="Beacon node is not respecting the follow distance. EL client is syncing." lastBlockNumber=0 package="beacon-chain/execution"
    helpers.go:242: time="2026-03-06 23:00:25.15" level=error msg="Failed to process sidecars from execution from block" error="process data column sidecars from execution: reconstruct data column sidecars: fetch cells and proofs from execution client for block 0x1ea023f0da55676bd210c795ff2800bccdaa45f860557fb5a76954a1e8053533: get blobs V2: Unsupported fork" package="beacon-chain/sync" root=0x1ea023f0da55676bd210c795ff2800bccdaa45f860557fb5a76954a1e8053533 slot=82
time="2026-03-06T23:02:17Z" level=info msg="Starting validator client 3 with flags: /private/var/tmp/_bazel_junclaw/9caafecbb4bf6fb84d69cfa21c3bed3f/sandbox/darwin-sandbox/4737/execroot/_main/bazel-out/darwin_arm64-fastbuild-ST-4e1ef3213b42/bin/testing/endtoend/go_default_test_/go_default_test.runfiles/_main/cmd/validator/validator_/validator --datadir=/private/var/tmp/_bazel_junclaw/9caafecbb4bf6fb84d69cfa21c3bed3f/sandbox/darwin-sandbox/4737/execroot/_main/_tmp/6abc4c3eda020427f059a9faef886b83/shard-0/eth2-val-3 --log-file=/private/var/tmp/_bazel_junclaw/9caafecbb4bf6fb84d69cfa21c3bed3f/sandbox/darwin-sandbox/4737/execroot/_main/bazel-out/darwin_arm64-fastbuild-ST-4e1ef3213b42/testlogs/testing/endtoend/go_default_test/test.outputs/20260306/224630/TestEndToEnd_MinimalConfig/vals-3.log --graffiti-file=/private/var/tmp/_bazel_junclaw/9caafecbb4bf6fb84d69cfa21c3bed3f/sandbox/darwin-sandbox/4737/execroot/_main/_tmp/6abc4c3eda020427f059a9faef886b83/shard-0/graffiti.yaml --monitoring-port=6203 --http-port=6153 --beacon-rpc-provider=localhost:4150 --grpc-headers=dummy=value,foo=bar --verbosity=debug --proposer-settings-file=/private/var/tmp/_bazel_junclaw/9caafecbb4bf6fb84d69cfa21c3bed3f/sandbox/darwin-sandbox/4737/execroot/_main/_tmp/6abc4c3eda020427f059a9faef886b83/shard-0/proposer-settings/validator_3/config.json --chain-config-file=/private/var/tmp/_bazel_junclaw/9caafecbb4bf6fb84d69cfa21c3bed3f/sandbox/darwin-sandbox/4737/execroot/_main/_tmp/6abc4c3eda020427f059a9faef886b83/shard-0/config/3/validator-config.yaml --force-clear-db --accept-terms-of-use --enable-doppelganger --interop-num-validators=128 --interop-start-index=0" func="github.com/OffchainLabs/prysm/v7/testing/endtoend/components.(*ValidatorNode).Start" file="testing/endtoend/components/validator.go:311" prefix=components
=== RUN   TestEndToEnd_MinimalConfig/doppelganger_found
time="2026-03-06T23:02:18Z" level=info msg="Starting eth1 node 3, attempt 0 with flags: --http.port=3203 --ws.port=3253 --authrpc.port=3303 --bootnodes=enode://f51af63ab88c0bf63070c312021daede7d5dc3c0db95b687183832a5cab8cc17722aed8f783003c248a6167bbbd9e145a4907c35f03fd018aac6f8e7abe0ee11@127.0.0.1:3150 --port=3153 --networkid=1337 --http --http.api=engine,net,eth --http.addr=127.0.0.1 --http.corsdomain=\"*\" --http.vhosts=\"*\" --rpc.allow-unprotected-txs --ws --ws.api=net,eth,engine --ws.addr=127.0.0.1 --ws.origins=\"*\" --ipcdisable --verbosity=4 --syncmode=full --miner.gaslimit=60000000 --txpool.locals=0x878705ba3f8bc32fcf7f4caa1a35e72af65cf766" func="github.com/OffchainLabs/prysm/v7/testing/endtoend/components/eth1.(*Node).Start" file="testing/endtoend/components/eth1/node.go:121"
time="2026-03-06T23:02:19Z" level=info msg="Eth1 node started after 0 retries" func="github.com/OffchainLabs/prysm/v7/testing/endtoend/components/eth1.(*Node).Start" file="testing/endtoend/components/eth1/node.go:144"
time="2026-03-06T23:02:19Z" level=info msg="Starting eth1 proxy 3 with port: 3353 and file /private/var/tmp/_bazel_junclaw/9caafecbb4bf6fb84d69cfa21c3bed3f/sandbox/darwin-sandbox/4737/execroot/_main/bazel-out/darwin_arm64-fastbuild-ST-4e1ef3213b42/testlogs/testing/endtoend/go_default_test/test.outputs/20260306/224630/TestEndToEnd_MinimalConfig/eth1_proxy_3.log" func="github.com/OffchainLabs/prysm/v7/testing/endtoend/components/eth1.(*Proxy).Start" file="testing/endtoend/components/eth1/proxy.go:162"
time="2026-03-06T23:02:19Z" level=info msg="BeaconState info" func="github.com/OffchainLabs/prysm/v7/testing/endtoend/components.(*BeaconNode).saveGenesis" file="testing/endtoend/components/beacon_node.go:191" forkVersion="[5 0 0 253]" latestBlockHeaderRoot=0x162b4d3de20a69e980b4acab24109f4839f3c2ee9354bc954a861a53406096c9 prefix=components stateRoot=0x2d8e558ae2dceb670186334c0940aecc4684f90948084eb4df92bcef89aa98d2
time="2026-03-06T23:02:19Z" level=info msg="Starting beacon chain 3 with flags: --genesis-state=/private/var/tmp/_bazel_junclaw/9caafecbb4bf6fb84d69cfa21c3bed3f/sandbox/darwin-sandbox/4737/execroot/_main/_tmp/6abc4c3eda020427f059a9faef886b83/shard-0/genesis/3/genesis.ssz --datadir=/private/var/tmp/_bazel_junclaw/9caafecbb4bf6fb84d69cfa21c3bed3f/sandbox/darwin-sandbox/4737/execroot/_main/_tmp/6abc4c3eda020427f059a9faef886b83/shard-0/eth2-beacon-node-3 --log-file=/private/var/tmp/_bazel_junclaw/9caafecbb4bf6fb84d69cfa21c3bed3f/sandbox/darwin-sandbox/4737/execroot/_main/bazel-out/darwin_arm64-fastbuild-ST-4e1ef3213b42/testlogs/testing/endtoend/go_default_test/test.outputs/20260306/224630/TestEndToEnd_MinimalConfig/beacon-3.log --deposit-contract=0x4242424242424242424242424242424242424242 --rpc-port=4153 --execution-endpoint=http://127.0.0.1:3353 --jwt-secret=/private/var/tmp/_bazel_junclaw/9caafecbb4bf6fb84d69cfa21c3bed3f/sandbox/darwin-sandbox/4737/execroot/_main/_tmp/6abc4c3eda020427f059a9faef886b83/shard-0/eth1data/3/geth/jwtsecret --min-sync-peers=1 --p2p-udp-port=4203 --p2p-quic-port=4253 --p2p-tcp-port=4303 --p2p-max-peers=3 --monitoring-port=4403 --http-port=4353 --contract-deployment-block=0 --minimum-peers-per-subnet=0 --rpc-max-page-size=256 --bootstrap-node=enr:-LG4QMtm1hsutid2jwNKKPwAMRPTXwdGgec6K08LJdlf4TUcEubNouIuiOdeVVCXvP1SngnHjuadWMSG8yNQVl1od9SGAZzFVLtIh2F0dG5ldHOIAAAAAAAAAACEZXRoMpD1pf1CAAAAAP__________gmlkgnY0gmlwhKwQJeaJc2VjcDI1NmsxoQKfzgU1HYzEz9cUzPIGvcs1uM5fpSrmlu-yI1rrZx6FZIN1ZHCCCGY --verbosity=debug --block-batch-limit-burst-factor=8 --blob-batch-limit-burst-factor=16 --blob-batch-limit=256 --chain-config-file=/private/var/tmp/_bazel_junclaw/9caafecbb4bf6fb84d69cfa21c3bed3f/sandbox/darwin-sandbox/4737/execroot/_main/_tmp/6abc4c3eda020427f059a9faef886b83/shard-0/config/3/beacon-config.yaml --monitor-indices=1 --monitor-indices=2 --force-clear-db --accept-terms-of-use --pprof --pprofport=4453 --dev --slots-per-archive-point=128 --tracing-endpoint=http://127.0.0.1:9150 --enable-tracing --trace-sample-fraction=1.0 --checkpoint-sync-url=127.0.0.1:4350 --genesis-beacon-api-url=127.0.0.1:4350" func="github.com/OffchainLabs/prysm/v7/testing/endtoend/components.(*BeaconNode).Start" file="testing/endtoend/components/beacon_node.go:306" prefix=components
time="2026-03-06T23:02:25Z" level=info msg="Sending blob transactions with cell proofs" func=github.com/OffchainLabs/prysm/v7/testing/endtoend/components/eth1.SendTransaction file="testing/endtoend/components/eth1/transactions.go:158"
=== RUN   TestEndToEnd_MinimalConfig/finished_syncing_%d#01
=== RUN   TestEndToEnd_MinimalConfig/all_nodes_have_same_head_%d#01
time="2026-03-06T23:02:34Z" level=info msg="Writing output pprof files" func="testing/endtoend/go_default_test.(*testRunner).defaultEndToEndRun.func2" file="testing/endtoend/endtoend_test.go:481"
time="2026-03-06T23:02:35Z" level=info msg="Sending blob transactions with cell proofs" func=github.com/OffchainLabs/prysm/v7/testing/endtoend/components/eth1.SendTransaction file="testing/endtoend/components/eth1/transactions.go:158"
time="2026-03-06T23:02:45Z" level=info msg="Sending blob transactions with cell proofs" func=github.com/OffchainLabs/prysm/v7/testing/endtoend/components/eth1.SendTransaction file="testing/endtoend/components/eth1/transactions.go:158"
time="2026-03-06T23:02:55Z" level=info msg="Sending blob transactions with cell proofs" func=github.com/OffchainLabs/prysm/v7/testing/endtoend/components/eth1.SendTransaction file="testing/endtoend/components/eth1/transactions.go:158"
time="2026-03-06T23:03:05Z" level=info msg="Sending blob transactions with cell proofs" func=github.com/OffchainLabs/prysm/v7/testing/endtoend/components/eth1.SendTransaction file="testing/endtoend/components/eth1/transactions.go:158"
time="2026-03-06T23:03:15Z" level=info msg="Sending blob transactions with cell proofs" func=github.com/OffchainLabs/prysm/v7/testing/endtoend/components/eth1.SendTransaction file="testing/endtoend/components/eth1/transactions.go:158"
time="2026-03-06T23:03:25Z" level=info msg="Sending blob transactions with cell proofs" func=github.com/OffchainLabs/prysm/v7/testing/endtoend/components/eth1.SendTransaction file="testing/endtoend/components/eth1/transactions.go:158"
=== NAME  TestEndToEnd_MinimalConfig
    helpers.go:240: ==================== Start of beacon chain node 0 error output ==================
    helpers.go:242: time="2026-03-06 22:46:50.39" level=error msg="Beacon node is not respecting the follow distance. EL client is syncing." lastBlockNumber=0 package="beacon-chain/execution"
    helpers.go:242: time="2026-03-06 22:46:51.93" level=error msg="Beacon node is not respecting the follow distance. EL client is syncing." lastBlockNumber=0 package="beacon-chain/execution"
    helpers.go:242: time="2026-03-06 22:46:53.93" level=error msg="Beacon node is not respecting the follow distance. EL client is syncing." lastBlockNumber=0 package="beacon-chain/execution"
    helpers.go:242: time="2026-03-06 22:46:57.93" level=error msg="Beacon node is not respecting the follow distance. EL client is syncing." lastBlockNumber=1 package="beacon-chain/execution"
    helpers.go:242: time="2026-03-06 22:46:59.93" level=error msg="Beacon node is not respecting the follow distance. EL client is syncing." lastBlockNumber=1 package="beacon-chain/execution"
    helpers.go:242: time="2026-03-06 22:47:01.93" level=error msg="Beacon node is not respecting the follow distance. EL client is syncing." lastBlockNumber=1 package="beacon-chain/execution"
    helpers.go:242: time="2026-03-06 22:47:03.93" level=error msg="Beacon node is not respecting the follow distance. EL client is syncing." lastBlockNumber=1 package="beacon-chain/execution"
    helpers.go:242: time="2026-03-06 22:47:07.93" level=error msg="Beacon node is not respecting the follow distance. EL client is syncing." lastBlockNumber=2 package="beacon-chain/execution"
    helpers.go:242: time="2026-03-06 22:47:09.93" level=error msg="Beacon node is not respecting the follow distance. EL client is syncing." lastBlockNumber=2 package="beacon-chain/execution"
    helpers.go:242: time="2026-03-06 22:47:11.93" level=error msg="Beacon node is not respecting the follow distance. EL client is syncing." lastBlockNumber=2 package="beacon-chain/execution"
    helpers.go:242: time="2026-03-06 22:47:13.93" level=error msg="Beacon node is not respecting the follow distance. EL client is syncing." lastBlockNumber=2 package="beacon-chain/execution"
    helpers.go:242: time="2026-03-06 22:47:17.93" level=error msg="Beacon node is not respecting the follow distance. EL client is syncing." lastBlockNumber=3 package="beacon-chain/execution"
    helpers.go:242: time="2026-03-06 22:47:19.93" level=error msg="Beacon node is not respecting the follow distance. EL client is syncing." lastBlockNumber=3 package="beacon-chain/execution"
    helpers.go:242: time="2026-03-06 22:47:21.93" level=error msg="Beacon node is not respecting the follow distance. EL client is syncing." lastBlockNumber=3 package="beacon-chain/execution"
    helpers.go:242: time="2026-03-06 22:47:23.93" level=error msg="Beacon node is not respecting the follow distance. EL client is syncing." lastBlockNumber=3 package="beacon-chain/execution"
    helpers.go:242: time="2026-03-06 22:47:27.93" level=error msg="Beacon node is not respecting the follow distance. EL client is syncing." lastBlockNumber=4 package="beacon-chain/execution"
    helpers.go:242: time="2026-03-06 22:47:29.93" level=error msg="Beacon node is not respecting the follow distance. EL client is syncing." lastBlockNumber=4 package="beacon-chain/execution"
    helpers.go:242: time="2026-03-06 22:47:31.93" level=error msg="Beacon node is not respecting the follow distance. EL client is syncing." lastBlockNumber=4 package="beacon-chain/execution"
    helpers.go:242: time="2026-03-06 22:47:33.93" level=error msg="Beacon node is not respecting the follow distance. EL client is syncing." lastBlockNumber=4 package="beacon-chain/execution"
    helpers.go:242: time="2026-03-06 22:47:37.93" level=error msg="Beacon node is not respecting the follow distance. EL client is syncing." lastBlockNumber=5 package="beacon-chain/execution"
    helpers.go:242: time="2026-03-06 22:47:39.93" level=error msg="Beacon node is not respecting the follow distance. EL client is syncing." lastBlockNumber=5 package="beacon-chain/execution"
    helpers.go:242: time="2026-03-06 22:47:41.93" level=error msg="Beacon node is not respecting the follow distance. EL client is syncing." lastBlockNumber=5 package="beacon-chain/execution"
    helpers.go:242: time="2026-03-06 22:47:43.93" level=error msg="Beacon node is not respecting the follow distance. EL client is syncing." lastBlockNumber=5 package="beacon-chain/execution"
    helpers.go:242: time="2026-03-06 22:47:47.93" level=error msg="Beacon node is not respecting the follow distance. EL client is syncing." lastBlockNumber=6 package="beacon-chain/execution"
    helpers.go:242: time="2026-03-06 22:47:49.93" level=error msg="Beacon node is not respecting the follow distance. EL client is syncing." lastBlockNumber=6 package="beacon-chain/execution"
    helpers.go:242: time="2026-03-06 22:47:51.93" level=error msg="Beacon node is not respecting the follow distance. EL client is syncing." lastBlockNumber=6 package="beacon-chain/execution"
    helpers.go:242: time="2026-03-06 22:47:53.93" level=error msg="Beacon node is not respecting the follow distance. EL client is syncing." lastBlockNumber=6 package="beacon-chain/execution"
    helpers.go:242: time="2026-03-06 22:47:57.93" level=error msg="Beacon node is not respecting the follow distance. EL client is syncing." lastBlockNumber=7 package="beacon-chain/execution"
    helpers.go:242: time="2026-03-06 22:47:59.93" level=error msg="Beacon node is not respecting the follow distance. EL client is syncing." lastBlockNumber=7 package="beacon-chain/execution"
    helpers.go:242: time="2026-03-06 22:48:01.93" level=error msg="Beacon node is not respecting the follow distance. EL client is syncing." lastBlockNumber=7 package="beacon-chain/execution"
    helpers.go:242: time="2026-03-06 22:48:03.93" level=error msg="Beacon node is not respecting the follow distance. EL client is syncing." lastBlockNumber=7 package="beacon-chain/execution"
    helpers.go:242: time="2026-03-06 22:50:05.27" level=error msg="Failed to broadcast attestation" error="could not publish message: unable to find requisite number of peers for topic /eth2/8274774b/beacon_attestation_18/ssz_snappy, 0 peers found to publish to: context deadline exceeded" package="beacon-chain/p2p"
    helpers.go:242: time="2026-03-06 22:50:05.27" level=error msg="Failed to broadcast attestation" error="could not publish message: unable to find requisite number of peers for topic /eth2/8274774b/beacon_attestation_18/ssz_snappy, 0 peers found to publish to: context deadline exceeded" package="beacon-chain/p2p"
    helpers.go:242: time="2026-03-06 22:50:05.27" level=error msg="Failed to broadcast attestation" error="could not publish message: unable to find requisite number of peers for topic /eth2/8274774b/beacon_attestation_18/ssz_snappy, 0 peers found to publish to: context deadline exceeded" package="beacon-chain/p2p"
    helpers.go:242: time="2026-03-06 22:50:05.27" level=error msg="Failed to broadcast attestation" error="could not publish message: unable to find requisite number of peers for topic /eth2/8274774b/beacon_attestation_18/ssz_snappy, 0 peers found to publish to: context deadline exceeded" package="beacon-chain/p2p"
    helpers.go:242: time="2026-03-06 22:50:05.27" level=error msg="Failed to broadcast attestation" error="could not publish message: unable to find requisite number of peers for topic /eth2/8274774b/beacon_attestation_18/ssz_snappy, 0 peers found to publish to: context deadline exceeded" package="beacon-chain/p2p"
    helpers.go:242: time="2026-03-06 22:50:05.27" level=error msg="Failed to broadcast attestation" error="could not publish message: unable to find requisite number of peers for topic /eth2/8274774b/beacon_attestation_18/ssz_snappy, 0 peers found to publish to: context deadline exceeded" package="beacon-chain/p2p"
    helpers.go:242: time="2026-03-06 22:50:05.27" level=error msg="Failed to broadcast attestation" error="could not publish message: unable to find requisite number of peers for topic /eth2/8274774b/beacon_attestation_18/ssz_snappy, 0 peers found to publish to: context deadline exceeded" package="beacon-chain/p2p"
    helpers.go:242: time="2026-03-06 22:50:05.27" level=error msg="Failed to broadcast attestation" error="could not publish message: unable to find requisite number of peers for topic /eth2/8274774b/beacon_attestation_18/ssz_snappy, 0 peers found to publish to: context deadline exceeded" package="beacon-chain/p2p"
    helpers.go:242: time="2026-03-06 23:00:35.68" level=error msg="Failed to broadcast attestation" error="could not publish message: unable to find requisite number of peers for topic /eth2/488c86a1/beacon_attestation_12/ssz_snappy, 0 peers found to publish to: context deadline exceeded" package="beacon-chain/p2p"
    helpers.go:242: time="2026-03-06 23:00:35.68" level=error msg="Failed to broadcast attestation" error="could not publish message: unable to find requisite number of peers for topic /eth2/488c86a1/beacon_attestation_12/ssz_snappy, 0 peers found to publish to: context deadline exceeded" package="beacon-chain/p2p"
    helpers.go:242: time="2026-03-06 23:00:35.68" level=error msg="Failed to broadcast attestation" error="could not publish message: unable to find requisite number of peers for topic /eth2/488c86a1/beacon_attestation_12/ssz_snappy, 0 peers found to publish to: context deadline exceeded" package="beacon-chain/p2p"
    helpers.go:242: time="2026-03-06 23:00:35.68" level=error msg="Failed to broadcast attestation" error="could not publish message: unable to find requisite number of peers for topic /eth2/488c86a1/beacon_attestation_12/ssz_snappy, 0 peers found to publish to: context deadline exceeded" package="beacon-chain/p2p"
    helpers.go:242: time="2026-03-06 23:00:35.69" level=error msg="Failed to broadcast attestation" error="could not publish message: unable to find requisite number of peers for topic /eth2/488c86a1/beacon_attestation_12/ssz_snappy, 0 peers found to publish to: context deadline exceeded" package="beacon-chain/p2p"
    helpers.go:242: time="2026-03-06 23:00:35.69" level=error msg="Failed to broadcast attestation" error="could not publish message: unable to find requisite number of peers for topic /eth2/488c86a1/beacon_attestation_12/ssz_snappy, 0 peers found to publish to: context deadline exceeded" package="beacon-chain/p2p"
    helpers.go:242: time="2026-03-06 23:00:35.69" level=error msg="Failed to broadcast attestation" error="could not publish message: unable to find requisite number of peers for topic /eth2/488c86a1/beacon_attestation_12/ssz_snappy, 0 peers found to publish to: context deadline exceeded" package="beacon-chain/p2p"
    helpers.go:242: time="2026-03-06 23:00:35.69" level=error msg="Failed to broadcast attestation" error="could not publish message: unable to find requisite number of peers for topic /eth2/488c86a1/beacon_attestation_12/ssz_snappy, 0 peers found to publish to: context deadline exceeded" package="beacon-chain/p2p"
    helpers.go:242: time="2026-03-06 23:01:35.66" level=error msg="Failed to broadcast attestation" error="could not publish message: unable to find requisite number of peers for topic /eth2/488c86a1/beacon_attestation_7/ssz_snappy, 0 peers found to publish to: context deadline exceeded" package="beacon-chain/p2p"
    helpers.go:242: time="2026-03-06 23:01:35.66" level=error msg="Failed to broadcast attestation" error="could not publish message: unable to find requisite number of peers for topic /eth2/488c86a1/beacon_attestation_7/ssz_snappy, 0 peers found to publish to: context deadline exceeded" package="beacon-chain/p2p"
    helpers.go:242: time="2026-03-06 23:01:35.66" level=error msg="Failed to broadcast attestation" error="could not publish message: unable to find requisite number of peers for topic /eth2/488c86a1/beacon_attestation_7/ssz_snappy, 0 peers found to publish to: context deadline exceeded" package="beacon-chain/p2p"
    helpers.go:242: time="2026-03-06 23:01:35.66" level=error msg="Failed to broadcast attestation" error="could not publish message: unable to find requisite number of peers for topic /eth2/488c86a1/beacon_attestation_7/ssz_snappy, 0 peers found to publish to: context deadline exceeded" package="beacon-chain/p2p"
    helpers.go:242: time="2026-03-06 23:01:35.66" level=error msg="Failed to broadcast attestation" error="could not publish message: unable to find requisite number of peers for topic /eth2/488c86a1/beacon_attestation_7/ssz_snappy, 0 peers found to publish to: context deadline exceeded" package="beacon-chain/p2p"
    helpers.go:242: time="2026-03-06 23:01:35.66" level=error msg="Failed to broadcast attestation" error="could not publish message: unable to find requisite number of peers for topic /eth2/488c86a1/beacon_attestation_7/ssz_snappy, 0 peers found to publish to: context deadline exceeded" package="beacon-chain/p2p"
    helpers.go:242: time="2026-03-06 23:01:35.66" level=error msg="Failed to broadcast attestation" error="could not publish message: unable to find requisite number of peers for topic /eth2/488c86a1/beacon_attestation_7/ssz_snappy, 0 peers found to publish to: context deadline exceeded" package="beacon-chain/p2p"
    helpers.go:242: time="2026-03-06 23:01:35.66" level=error msg="Failed to broadcast attestation" error="could not publish message: unable to find requisite number of peers for topic /eth2/488c86a1/beacon_attestation_7/ssz_snappy, 0 peers found to publish to: context deadline exceeded" package="beacon-chain/p2p"
    helpers.go:240: ==================== Start of beacon chain node 1 error output ==================
    helpers.go:242: time="2026-03-06 22:46:50.40" level=error msg="Beacon node is not respecting the follow distance. EL client is syncing." lastBlockNumber=0 package="beacon-chain/execution"
    helpers.go:242: time="2026-03-06 22:46:51.93" level=error msg="Beacon node is not respecting the follow distance. EL client is syncing." lastBlockNumber=0 package="beacon-chain/execution"
    helpers.go:242: time="2026-03-06 22:46:53.93" level=error msg="Beacon node is not respecting the follow distance. EL client is syncing." lastBlockNumber=0 package="beacon-chain/execution"
    helpers.go:242: time="2026-03-06 22:46:55.02" level=error msg="could not check if block arrived early" error="could not compute seconds since slot 0 start: invalid timestamp, got 2026-03-06 22:46:35 +0000 UTC < want 2026-03-06 22:46:45 +0000 UTC" package="beacon-chain/forkchoice/doubly-linked-tree"
    helpers.go:242: time="2026-03-06 22:46:57.93" level=error msg="Beacon node is not respecting the follow distance. EL client is syncing." lastBlockNumber=1 package="beacon-chain/execution"
    helpers.go:242: time="2026-03-06 22:46:59.93" level=error msg="Beacon node is not respecting the follow distance. EL client is syncing." lastBlockNumber=1 package="beacon-chain/execution"
    helpers.go:242: time="2026-03-06 22:47:01.93" level=error msg="Beacon node is not respecting the follow distance. EL client is syncing." lastBlockNumber=1 package="beacon-chain/execution"
    helpers.go:242: time="2026-03-06 22:47:03.93" level=error msg="Beacon node is not respecting the follow distance. EL client is syncing." lastBlockNumber=1 package="beacon-chain/execution"
    helpers.go:242: time="2026-03-06 22:47:07.93" level=error msg="Beacon node is not respecting the follow distance. EL client is syncing." lastBlockNumber=2 package="beacon-chain/execution"
    helpers.go:242: time="2026-03-06 22:47:09.93" level=error msg="Beacon node is not respecting the follow distance. EL client is syncing." lastBlockNumber=2 package="beacon-chain/execution"
    helpers.go:242: time="2026-03-06 22:47:11.93" level=error msg="Beacon node is not respecting the follow distance. EL client is syncing." lastBlockNumber=2 package="beacon-chain/execution"
    helpers.go:242: time="2026-03-06 22:47:13.93" level=error msg="Beacon node is not respecting the follow distance. EL client is syncing." lastBlockNumber=2 package="beacon-chain/execution"
    helpers.go:242: time="2026-03-06 22:47:17.93" level=error msg="Beacon node is not respecting the follow distance. EL client is syncing." lastBlockNumber=3 package="beacon-chain/execution"
    helpers.go:242: time="2026-03-06 22:47:19.93" level=error msg="Beacon node is not respecting the follow distance. EL client is syncing." lastBlockNumber=3 package="beacon-chain/execution"
    helpers.go:242: time="2026-03-06 22:47:21.93" level=error msg="Beacon node is not respecting the follow distance. EL client is syncing." lastBlockNumber=3 package="beacon-chain/execution"
    helpers.go:242: time="2026-03-06 22:47:23.93" level=error msg="Beacon node is not respecting the follow distance. EL client is syncing." lastBlockNumber=3 package="beacon-chain/execution"
    helpers.go:242: time="2026-03-06 22:47:27.93" level=error msg="Beacon node is not respecting the follow distance. EL client is syncing." lastBlockNumber=4 package="beacon-chain/execution"
    helpers.go:242: time="2026-03-06 22:47:29.93" level=error msg="Beacon node is not respecting the follow distance. EL client is syncing." lastBlockNumber=4 package="beacon-chain/execution"
    helpers.go:242: time="2026-03-06 22:47:31.93" level=error msg="Beacon node is not respecting the follow distance. EL client is syncing." lastBlockNumber=4 package="beacon-chain/execution"
    helpers.go:242: time="2026-03-06 22:47:33.93" level=error msg="Beacon node is not respecting the follow distance. EL client is syncing." lastBlockNumber=4 package="beacon-chain/execution"
    helpers.go:242: time="2026-03-06 22:47:37.93" level=error msg="Beacon node is not respecting the follow distance. EL client is syncing." lastBlockNumber=5 package="beacon-chain/execution"
    helpers.go:242: time="2026-03-06 22:47:39.93" level=error msg="Beacon node is not respecting the follow distance. EL client is syncing." lastBlockNumber=5 package="beacon-chain/execution"
    helpers.go:242: time="2026-03-06 22:47:41.93" level=error msg="Beacon node is not respecting the follow distance. EL client is syncing." lastBlockNumber=5 package="beacon-chain/execution"
    helpers.go:242: time="2026-03-06 22:47:43.93" level=error msg="Beacon node is not respecting the follow distance. EL client is syncing." lastBlockNumber=5 package="beacon-chain/execution"
    helpers.go:242: time="2026-03-06 22:47:47.93" level=error msg="Beacon node is not respecting the follow distance. EL client is syncing." lastBlockNumber=6 package="beacon-chain/execution"
    helpers.go:242: time="2026-03-06 22:47:49.93" level=error msg="Beacon node is not respecting the follow distance. EL client is syncing." lastBlockNumber=6 package="beacon-chain/execution"
    helpers.go:242: time="2026-03-06 22:47:51.93" level=error msg="Beacon node is not respecting the follow distance. EL client is syncing." lastBlockNumber=6 package="beacon-chain/execution"
    helpers.go:242: time="2026-03-06 22:47:53.93" level=error msg="Beacon node is not respecting the follow distance. EL client is syncing." lastBlockNumber=6 package="beacon-chain/execution"
    helpers.go:242: time="2026-03-06 22:47:57.93" level=error msg="Beacon node is not respecting the follow distance. EL client is syncing." lastBlockNumber=7 package="beacon-chain/execution"
    helpers.go:242: time="2026-03-06 22:47:59.93" level=error msg="Beacon node is not respecting the follow distance. EL client is syncing." lastBlockNumber=7 package="beacon-chain/execution"
    helpers.go:242: time="2026-03-06 22:48:01.93" level=error msg="Beacon node is not respecting the follow distance. EL client is syncing." lastBlockNumber=7 package="beacon-chain/execution"
    helpers.go:242: time="2026-03-06 22:48:03.93" level=error msg="Beacon node is not respecting the follow distance. EL client is syncing." lastBlockNumber=7 package="beacon-chain/execution"
    helpers.go:242: time="2026-03-06 22:52:15.29" level=error msg="Failed to broadcast attestation" error="could not publish message: unable to find requisite number of peers for topic /eth2/93795fb4/beacon_attestation_7/ssz_snappy, 0 peers found to publish to: context deadline exceeded" package="beacon-chain/p2p"
    helpers.go:242: time="2026-03-06 22:52:15.38" level=error msg="Failed to broadcast attestation" error="could not publish message: unable to find requisite number of peers for topic /eth2/93795fb4/beacon_attestation_7/ssz_snappy, 0 peers found to publish to: context deadline exceeded" package="beacon-chain/p2p"
    helpers.go:242: time="2026-03-06 22:52:15.39" level=error msg="Failed to broadcast attestation" error="could not publish message: unable to find requisite number of peers for topic /eth2/93795fb4/beacon_attestation_7/ssz_snappy, 0 peers found to publish to: context deadline exceeded" package="beacon-chain/p2p"
    helpers.go:242: time="2026-03-06 22:52:15.40" level=error msg="Failed to broadcast attestation" error="could not publish message: unable to find requisite number of peers for topic /eth2/93795fb4/beacon_attestation_7/ssz_snappy, 0 peers found to publish to: context deadline exceeded" package="beacon-chain/p2p"
    helpers.go:242: time="2026-03-06 22:52:15.40" level=error msg="Failed to broadcast attestation" error="could not publish message: unable to find requisite number of peers for topic /eth2/93795fb4/beacon_attestation_7/ssz_snappy, 0 peers found to publish to: context deadline exceeded" package="beacon-chain/p2p"
    helpers.go:242: time="2026-03-06 22:52:15.40" level=error msg="Failed to broadcast attestation" error="could not publish message: unable to find requisite number of peers for topic /eth2/93795fb4/beacon_attestation_7/ssz_snappy, 0 peers found to publish to: context deadline exceeded" package="beacon-chain/p2p"
    helpers.go:242: time="2026-03-06 22:52:15.40" level=error msg="Failed to broadcast attestation" error="could not publish message: unable to find requisite number of peers for topic /eth2/93795fb4/beacon_attestation_7/ssz_snappy, 0 peers found to publish to: context deadline exceeded" package="beacon-chain/p2p"
    helpers.go:242: time="2026-03-06 22:52:15.40" level=error msg="Failed to broadcast attestation" error="could not publish message: unable to find requisite number of peers for topic /eth2/93795fb4/beacon_attestation_7/ssz_snappy, 0 peers found to publish to: context deadline exceeded" package="beacon-chain/p2p"
    helpers.go:222: Ending time: 2026-03-06 23:03:34.79037 +0000 UTC m=+1024.343813043
time="2026-03-06T23:03:34Z" level=info msg="All E2E evaluations are finished, cleaning up" func="testing/endtoend/go_default_test.(*testRunner).defaultEndToEndRun.func1" file="testing/endtoend/endtoend_test.go:464"
--- PASS: TestEndToEnd_MinimalConfig (1024.35s)
    --- PASS: TestEndToEnd_MinimalConfig/chain_started (0.50s)
    --- PASS: TestEndToEnd_MinimalConfig/finished_syncing_0 (0.00s)
    --- PASS: TestEndToEnd_MinimalConfig/validators_active_epoch_0 (0.00s)
    --- PASS: TestEndToEnd_MinimalConfig/validator_sync_participation_0 (0.01s)
    --- PASS: TestEndToEnd_MinimalConfig/peers_connect_epoch_0 (0.10s)
    --- PASS: TestEndToEnd_MinimalConfig/all_nodes_have_same_head_0 (7.50s)
    --- PASS: TestEndToEnd_MinimalConfig/finished_syncing_1 (0.00s)
    --- PASS: TestEndToEnd_MinimalConfig/validators_active_epoch_1 (0.00s)
    --- PASS: TestEndToEnd_MinimalConfig/verify_graffiti_in_blocks_epoch_1 (0.00s)
    --- PASS: TestEndToEnd_MinimalConfig/validators_vote_with_the_majority_1 (0.00s)
    --- PASS: TestEndToEnd_MinimalConfig/peers_check_epoch_1 (0.00s)
    --- PASS: TestEndToEnd_MinimalConfig/validator_sync_participation_1 (0.01s)
    --- PASS: TestEndToEnd_MinimalConfig/fee_recipient_is_present_1 (0.01s)
    --- PASS: TestEndToEnd_MinimalConfig/metrics_check_epoch_1 (0.14s)
    --- PASS: TestEndToEnd_MinimalConfig/healthz_check_epoch_1 (0.22s)
    --- PASS: TestEndToEnd_MinimalConfig/all_nodes_have_same_head_1 (7.50s)
    --- PASS: TestEndToEnd_MinimalConfig/blob_limits_respected_epoch_2 (0.00s)
    --- PASS: TestEndToEnd_MinimalConfig/finished_syncing_2 (0.00s)
    --- PASS: TestEndToEnd_MinimalConfig/validators_active_epoch_2 (0.00s)
    --- PASS: TestEndToEnd_MinimalConfig/validators_vote_with_the_majority_2 (0.00s)
    --- PASS: TestEndToEnd_MinimalConfig/verify_graffiti_in_blocks_epoch_2 (0.00s)
    --- PASS: TestEndToEnd_MinimalConfig/peers_check_epoch_2 (0.01s)
    --- PASS: TestEndToEnd_MinimalConfig/validator_sync_participation_2 (0.01s)
    --- PASS: TestEndToEnd_MinimalConfig/fee_recipient_is_present_2 (0.01s)
    --- PASS: TestEndToEnd_MinimalConfig/metrics_check_epoch_2 (0.14s)
    --- PASS: TestEndToEnd_MinimalConfig/healthz_check_epoch_2 (0.21s)
    --- PASS: TestEndToEnd_MinimalConfig/fulu_fork_transition_2 (5.12s)
    --- PASS: TestEndToEnd_MinimalConfig/all_nodes_have_same_head_2 (7.50s)
    --- PASS: TestEndToEnd_MinimalConfig/validators_active_epoch_3 (0.00s)
    --- PASS: TestEndToEnd_MinimalConfig/finished_syncing_3 (0.00s)
    --- PASS: TestEndToEnd_MinimalConfig/validators_participating_epoch_3 (0.00s)
    --- PASS: TestEndToEnd_MinimalConfig/peers_check_epoch_3 (0.00s)
    --- PASS: TestEndToEnd_MinimalConfig/validators_vote_with_the_majority_3 (0.00s)
    --- PASS: TestEndToEnd_MinimalConfig/blob_limits_respected_epoch_3 (0.00s)
    --- PASS: TestEndToEnd_MinimalConfig/verify_graffiti_in_blocks_epoch_3 (0.00s)
    --- PASS: TestEndToEnd_MinimalConfig/validator_sync_participation_3 (0.00s)
    --- PASS: TestEndToEnd_MinimalConfig/fee_recipient_is_present_3 (0.02s)
    --- PASS: TestEndToEnd_MinimalConfig/metrics_check_epoch_3 (0.15s)
    --- PASS: TestEndToEnd_MinimalConfig/healthz_check_epoch_3 (0.21s)
    --- PASS: TestEndToEnd_MinimalConfig/all_nodes_have_same_head_3 (7.50s)
    --- PASS: TestEndToEnd_MinimalConfig/finished_syncing_4 (0.00s)
    --- PASS: TestEndToEnd_MinimalConfig/finalizes_at_epoch_4 (0.00s)
    --- PASS: TestEndToEnd_MinimalConfig/validators_participating_epoch_4 (0.00s)
    --- PASS: TestEndToEnd_MinimalConfig/validators_active_epoch_4 (0.00s)
    --- PASS: TestEndToEnd_MinimalConfig/peers_check_epoch_4 (0.00s)
    --- PASS: TestEndToEnd_MinimalConfig/blob_limits_respected_epoch_4 (0.00s)
    --- PASS: TestEndToEnd_MinimalConfig/verify_graffiti_in_blocks_epoch_4 (0.00s)
    --- PASS: TestEndToEnd_MinimalConfig/validators_vote_with_the_majority_4 (0.00s)
    --- PASS: TestEndToEnd_MinimalConfig/validator_sync_participation_4 (0.01s)
    --- PASS: TestEndToEnd_MinimalConfig/fee_recipient_is_present_4 (0.02s)
    --- PASS: TestEndToEnd_MinimalConfig/propose_voluntary_exit_epoch_4 (0.09s)
    --- PASS: TestEndToEnd_MinimalConfig/metrics_check_epoch_4 (0.14s)
    --- PASS: TestEndToEnd_MinimalConfig/healthz_check_epoch_4 (0.21s)
    --- PASS: TestEndToEnd_MinimalConfig/all_nodes_have_same_head_4 (7.50s)
    --- PASS: TestEndToEnd_MinimalConfig/finished_syncing_5 (0.00s)
    --- PASS: TestEndToEnd_MinimalConfig/validators_participating_epoch_5 (0.00s)
    --- PASS: TestEndToEnd_MinimalConfig/finalizes_at_epoch_5 (0.00s)
    --- PASS: TestEndToEnd_MinimalConfig/validators_active_epoch_5 (0.00s)
    --- PASS: TestEndToEnd_MinimalConfig/peers_check_epoch_5 (0.00s)
    --- PASS: TestEndToEnd_MinimalConfig/validators_vote_with_the_majority_5 (0.00s)
    --- PASS: TestEndToEnd_MinimalConfig/verify_graffiti_in_blocks_epoch_5 (0.00s)
    --- PASS: TestEndToEnd_MinimalConfig/blob_limits_respected_epoch_5 (0.00s)
    --- PASS: TestEndToEnd_MinimalConfig/validator_sync_participation_5 (0.01s)
    --- PASS: TestEndToEnd_MinimalConfig/voluntary_has_exited_5 (0.01s)
    --- PASS: TestEndToEnd_MinimalConfig/fee_recipient_is_present_5 (0.02s)
    --- PASS: TestEndToEnd_MinimalConfig/submit_withdrawal_epoch_5 (0.08s)
    --- PASS: TestEndToEnd_MinimalConfig/metrics_check_epoch_5 (0.13s)
    --- PASS: TestEndToEnd_MinimalConfig/healthz_check_epoch_5 (0.21s)
    --- PASS: TestEndToEnd_MinimalConfig/all_nodes_have_same_head_5 (7.50s)
    --- PASS: TestEndToEnd_MinimalConfig/finished_syncing_6 (0.00s)
    --- PASS: TestEndToEnd_MinimalConfig/validators_participating_epoch_6 (0.00s)
    --- PASS: TestEndToEnd_MinimalConfig/finalizes_at_epoch_6 (0.00s)
    --- PASS: TestEndToEnd_MinimalConfig/validators_active_epoch_6 (0.00s)
    --- PASS: TestEndToEnd_MinimalConfig/peers_check_epoch_6 (0.00s)
    --- PASS: TestEndToEnd_MinimalConfig/validators_vote_with_the_majority_6 (0.00s)
    --- PASS: TestEndToEnd_MinimalConfig/verify_graffiti_in_blocks_epoch_6 (0.00s)
    --- PASS: TestEndToEnd_MinimalConfig/blob_limits_respected_epoch_6 (0.00s)
    --- PASS: TestEndToEnd_MinimalConfig/validator_sync_participation_6 (0.00s)
    --- PASS: TestEndToEnd_MinimalConfig/fee_recipient_is_present_6 (0.02s)
    --- PASS: TestEndToEnd_MinimalConfig/metrics_check_epoch_6 (0.15s)
    --- PASS: TestEndToEnd_MinimalConfig/healthz_check_epoch_6 (0.21s)
    --- PASS: TestEndToEnd_MinimalConfig/all_nodes_have_same_head_6 (7.50s)
    --- PASS: TestEndToEnd_MinimalConfig/finalizes_at_epoch_7 (0.00s)
    --- PASS: TestEndToEnd_MinimalConfig/finished_syncing_7 (0.00s)
    --- PASS: TestEndToEnd_MinimalConfig/validators_participating_epoch_7 (0.00s)
    --- PASS: TestEndToEnd_MinimalConfig/validators_active_epoch_7 (0.00s)
    --- PASS: TestEndToEnd_MinimalConfig/peers_check_epoch_7 (0.00s)
    --- PASS: TestEndToEnd_MinimalConfig/verify_graffiti_in_blocks_epoch_7 (0.00s)
    --- PASS: TestEndToEnd_MinimalConfig/validators_vote_with_the_majority_7 (0.00s)
    --- PASS: TestEndToEnd_MinimalConfig/blob_limits_respected_epoch_7 (0.00s)
    --- PASS: TestEndToEnd_MinimalConfig/validator_sync_participation_7 (0.01s)
    --- PASS: TestEndToEnd_MinimalConfig/fee_recipient_is_present_7 (0.02s)
    --- PASS: TestEndToEnd_MinimalConfig/metrics_check_epoch_7 (0.16s)
    --- PASS: TestEndToEnd_MinimalConfig/healthz_check_epoch_7 (0.21s)
    --- PASS: TestEndToEnd_MinimalConfig/all_nodes_have_same_head_7 (7.50s)
    --- PASS: TestEndToEnd_MinimalConfig/finished_syncing_8 (0.00s)
    --- PASS: TestEndToEnd_MinimalConfig/finalizes_at_epoch_8 (0.00s)
    --- PASS: TestEndToEnd_MinimalConfig/validators_active_epoch_8 (0.00s)
    --- PASS: TestEndToEnd_MinimalConfig/validators_participating_epoch_8 (0.00s)
    --- PASS: TestEndToEnd_MinimalConfig/peers_check_epoch_8 (0.00s)
    --- PASS: TestEndToEnd_MinimalConfig/validator_has_withdrawn_8 (0.00s)
    --- PASS: TestEndToEnd_MinimalConfig/verify_graffiti_in_blocks_epoch_8 (0.00s)
    --- PASS: TestEndToEnd_MinimalConfig/blob_limits_respected_epoch_8 (0.00s)
    --- PASS: TestEndToEnd_MinimalConfig/validators_vote_with_the_majority_8 (0.00s)
    --- PASS: TestEndToEnd_MinimalConfig/validator_sync_participation_8 (0.00s)
    --- PASS: TestEndToEnd_MinimalConfig/fee_recipient_is_present_8 (0.02s)
    --- PASS: TestEndToEnd_MinimalConfig/metrics_check_epoch_8 (0.15s)
    --- PASS: TestEndToEnd_MinimalConfig/healthz_check_epoch_8 (0.21s)
    --- PASS: TestEndToEnd_MinimalConfig/all_nodes_have_same_head_8 (7.50s)
    --- PASS: TestEndToEnd_MinimalConfig/finalizes_at_epoch_9 (0.00s)
    --- PASS: TestEndToEnd_MinimalConfig/finished_syncing_9 (0.00s)
    --- PASS: TestEndToEnd_MinimalConfig/validators_participating_epoch_9 (0.00s)
    --- PASS: TestEndToEnd_MinimalConfig/validators_active_epoch_9 (0.00s)
    --- PASS: TestEndToEnd_MinimalConfig/peers_check_epoch_9 (0.00s)
    --- PASS: TestEndToEnd_MinimalConfig/blob_limits_respected_epoch_9 (0.00s)
    --- PASS: TestEndToEnd_MinimalConfig/validators_vote_with_the_majority_9 (0.00s)
    --- PASS: TestEndToEnd_MinimalConfig/verify_graffiti_in_blocks_epoch_9 (0.00s)
    --- PASS: TestEndToEnd_MinimalConfig/validator_sync_participation_9 (0.01s)
    --- PASS: TestEndToEnd_MinimalConfig/fee_recipient_is_present_9 (0.01s)
    --- PASS: TestEndToEnd_MinimalConfig/metrics_check_epoch_9 (0.14s)
    --- PASS: TestEndToEnd_MinimalConfig/healthz_check_epoch_9 (0.21s)
    --- PASS: TestEndToEnd_MinimalConfig/all_nodes_have_same_head_9 (7.50s)
    --- PASS: TestEndToEnd_MinimalConfig/sync_completed (0.50s)
    --- PASS: TestEndToEnd_MinimalConfig/finished_syncing_%d (0.00s)
    --- PASS: TestEndToEnd_MinimalConfig/all_nodes_have_same_head_%d (7.50s)
    --- PASS: TestEndToEnd_MinimalConfig/doppelganger_found (0.50s)
    --- PASS: TestEndToEnd_MinimalConfig/finished_syncing_%d#01 (0.00s)
    --- PASS: TestEndToEnd_MinimalConfig/all_nodes_have_same_head_%d#01 (7.50s)
PASS
[4,842 / 4,843] 1 / 1 tests; Testing //testing/endtoend:go_default_test; 1025s darwin-sandbox
INFO: Found 1 test target...
Target //testing/endtoend:go_default_test up-to-date:
  bazel-bin/testing/endtoend/go_default_test_/go_default_test
INFO: Elapsed time: 1026.242s, Critical Path: 1025.86s
INFO: 2 processes: 1 internal, 1 darwin-sandbox.
INFO: Build completed successfully, 2 total actions
//testing/endtoend:go_default_test                                       PASSED in 1025.8s

Executed 1 out of 1 test: 1 test passes.
RESULT: PASS
===== E2E RUN 1/3 END: Fri Mar  6 18:03:36 EST 2026 =====
