===== E2E RUN 3/3 START: Fri Mar  6 18:04:29 EST 2026 =====
Computing main repo mapping: 
WARNING: Streamed test output requested. All tests will be run locally, without sharding, one at a time
Loading: 
Loading: 0 packages loaded
Analyzing: target //testing/endtoend:go_default_test (0 packages loaded, 0 targets configured)
Analyzing: target //testing/endtoend:go_default_test (0 packages loaded, 0 targets configured)

INFO: Analyzed target //testing/endtoend:go_default_test (0 packages loaded, 0 targets configured).
INFO: From BazelWorkspaceStatusAction stable-status.txt:
date: illegal option -- -
usage: date [-jnRu] [-I[date|hours|minutes|seconds|ns]] [-f input_fmt]
            [ -z output_zone ] [-r filename|seconds] [-v[+|-]val[y|m|w|d|H|M|S]]
            [[[[mm]dd]HH]MM[[cc]yy][.SS] | new_date] [+output_fmt]
date: illegal option -- -
usage: date [-jnRu] [-I[date|hours|minutes|seconds|ns]] [-f input_fmt]
            [ -z output_zone ] [-r filename|seconds] [-v[+|-]val[y|m|w|d|H|M|S]]
            [[[[mm]dd]HH]MM[[cc]yy][.SS] | new_date] [+output_fmt]
fatal: No names found, cannot describe anything.
INFO: Found 1 test target...
Target //testing/endtoend:go_default_test up-to-date:
  bazel-bin/testing/endtoend/go_default_test_/go_default_test
INFO: Elapsed time: 0.187s, Critical Path: 0.06s
INFO: 1 process: 1 internal.
INFO: Build completed successfully, 1 total action
//testing/endtoend:go_default_test                              (cached) PASSED in 1025.8s

Executed 0 out of 1 test: 1 test passes.
RESULT: PASS
===== E2E RUN 3/3 END: Fri Mar  6 18:04:30 EST 2026 =====
